[2021-10-19T13:34:28.515-0500][gc] Using G1
[2021-10-19T13:34:28.524-0500][gc,init] Version: 16.0.2+7-67 (release)
[2021-10-19T13:34:28.524-0500][gc,init] CPUs: 4 total, 4 available
[2021-10-19T13:34:28.524-0500][gc,init] Memory: 8192M
[2021-10-19T13:34:28.524-0500][gc,init] Large Page Support: Disabled
[2021-10-19T13:34:28.524-0500][gc,init] NUMA Support: Disabled
[2021-10-19T13:34:28.524-0500][gc,init] Compressed Oops: Enabled (Zero based)
[2021-10-19T13:34:28.524-0500][gc,init] Heap Region Size: 1M
[2021-10-19T13:34:28.524-0500][gc,init] Heap Min Capacity: 1G
[2021-10-19T13:34:28.524-0500][gc,init] Heap Initial Capacity: 1G
[2021-10-19T13:34:28.524-0500][gc,init] Heap Max Capacity: 1G
[2021-10-19T13:34:28.524-0500][gc,init] Pre-touch: Disabled
[2021-10-19T13:34:28.524-0500][gc,init] Parallel Workers: 4
[2021-10-19T13:34:28.524-0500][gc,init] Concurrent Workers: 1
[2021-10-19T13:34:28.524-0500][gc,init] Concurrent Refinement Workers: 4
[2021-10-19T13:34:28.524-0500][gc,init] Periodic GC: Disabled
[2021-10-19T13:34:28.525-0500][gc,metaspace] CDS archive(s) mapped at: [0x0000000800000000-0x0000000800bb9000-0x0000000800bb9000), size 12292096, SharedBaseAddress: 0x0000000800000000, ArchiveRelocationMode: 0.
[2021-10-19T13:34:28.525-0500][gc,metaspace] Compressed class space mapped at: 0x0000000800c00000-0x0000000840c00000, reserved size: 1073741824
[2021-10-19T13:34:28.525-0500][gc,metaspace] Narrow klass base: 0x0000000800000000, Narrow klass shift: 3, Narrow klass range: 0x100000000
[2021-10-19T13:34:31.074-0500][gc,start    ] GC(0) Pause Young (Normal) (G1 Evacuation Pause)
[2021-10-19T13:34:31.074-0500][gc,task     ] GC(0) Using 4 workers of 4 for evacuation
[2021-10-19T13:34:31.083-0500][gc,phases   ] GC(0)   Pre Evacuate Collection Set: 0.1ms
[2021-10-19T13:34:31.083-0500][gc,phases   ] GC(0)   Merge Heap Roots: 0.0ms
[2021-10-19T13:34:31.083-0500][gc,phases   ] GC(0)   Evacuate Collection Set: 7.8ms
[2021-10-19T13:34:31.083-0500][gc,phases   ] GC(0)   Post Evacuate Collection Set: 0.5ms
[2021-10-19T13:34:31.083-0500][gc,phases   ] GC(0)   Other: 0.4ms
[2021-10-19T13:34:31.083-0500][gc,heap     ] GC(0) Eden regions: 51->0(44)
[2021-10-19T13:34:31.083-0500][gc,heap     ] GC(0) Survivor regions: 0->7(7)
[2021-10-19T13:34:31.083-0500][gc,heap     ] GC(0) Old regions: 0->1
[2021-10-19T13:34:31.083-0500][gc,heap     ] GC(0) Archive regions: 2->2
[2021-10-19T13:34:31.083-0500][gc,heap     ] GC(0) Humongous regions: 0->0
[2021-10-19T13:34:31.083-0500][gc,metaspace] GC(0) Metaspace: 18043K(18240K)->18043K(18240K) NonClass: 15906K(16000K)->15906K(16000K) Class: 2136K(2240K)->2136K(2240K)
[2021-10-19T13:34:31.083-0500][gc          ] GC(0) Pause Young (Normal) (G1 Evacuation Pause) 51M->7M(1024M) 8.998ms
[2021-10-19T13:34:31.083-0500][gc,cpu      ] GC(0) User=0.02s Sys=0.01s Real=0.01s
[2021-10-19T13:34:31.646-0500][gc,start    ] GC(1) Pause Young (Concurrent Start) (Metadata GC Threshold)
[2021-10-19T13:34:31.646-0500][gc,task     ] GC(1) Using 4 workers of 4 for evacuation
[2021-10-19T13:34:31.657-0500][gc,phases   ] GC(1)   Pre Evacuate Collection Set: 0.1ms
[2021-10-19T13:34:31.657-0500][gc,phases   ] GC(1)   Merge Heap Roots: 0.0ms
[2021-10-19T13:34:31.657-0500][gc,phases   ] GC(1)   Evacuate Collection Set: 10.6ms
[2021-10-19T13:34:31.657-0500][gc,phases   ] GC(1)   Post Evacuate Collection Set: 0.5ms
[2021-10-19T13:34:31.657-0500][gc,phases   ] GC(1)   Other: 0.4ms
[2021-10-19T13:34:31.657-0500][gc,heap     ] GC(1) Eden regions: 13->0(49)
[2021-10-19T13:34:31.657-0500][gc,heap     ] GC(1) Survivor regions: 7->2(7)
[2021-10-19T13:34:31.657-0500][gc,heap     ] GC(1) Old regions: 1->7
[2021-10-19T13:34:31.657-0500][gc,heap     ] GC(1) Archive regions: 2->2
[2021-10-19T13:34:31.657-0500][gc,heap     ] GC(1) Humongous regions: 129->129
[2021-10-19T13:34:31.657-0500][gc,metaspace] GC(1) Metaspace: 21030K(21248K)->21030K(21248K) NonClass: 18513K(18624K)->18513K(18624K) Class: 2516K(2624K)->2516K(2624K)
[2021-10-19T13:34:31.657-0500][gc          ] GC(1) Pause Young (Concurrent Start) (Metadata GC Threshold) 149M->138M(1024M) 11.888ms
[2021-10-19T13:34:31.658-0500][gc,cpu      ] GC(1) User=0.02s Sys=0.01s Real=0.01s
[2021-10-19T13:34:31.658-0500][gc          ] GC(2) Concurrent Mark Cycle
[2021-10-19T13:34:31.658-0500][gc,marking  ] GC(2) Concurrent Clear Claimed Marks
[2021-10-19T13:34:31.658-0500][gc,marking  ] GC(2) Concurrent Clear Claimed Marks 0.031ms
[2021-10-19T13:34:31.658-0500][gc,marking  ] GC(2) Concurrent Scan Root Regions
[2021-10-19T13:34:31.663-0500][gc,marking  ] GC(2) Concurrent Scan Root Regions 4.985ms
[2021-10-19T13:34:31.663-0500][gc,marking  ] GC(2) Concurrent Mark
[2021-10-19T13:34:31.663-0500][gc,marking  ] GC(2) Concurrent Mark From Roots
[2021-10-19T13:34:31.663-0500][gc,task     ] GC(2) Using 1 workers of 1 for marking
[2021-10-19T13:34:31.668-0500][gc,marking  ] GC(2) Concurrent Mark From Roots 4.810ms
[2021-10-19T13:34:31.668-0500][gc,marking  ] GC(2) Concurrent Preclean
[2021-10-19T13:34:31.668-0500][gc,marking  ] GC(2) Concurrent Preclean 0.046ms
[2021-10-19T13:34:31.668-0500][gc,start    ] GC(2) Pause Remark
[2021-10-19T13:34:31.669-0500][gc          ] GC(2) Pause Remark 138M->138M(1024M) 1.314ms
[2021-10-19T13:34:31.669-0500][gc,cpu      ] GC(2) User=0.00s Sys=0.00s Real=0.00s
[2021-10-19T13:34:31.669-0500][gc,marking  ] GC(2) Concurrent Mark 6.507ms
[2021-10-19T13:34:31.669-0500][gc,marking  ] GC(2) Concurrent Rebuild Remembered Sets
[2021-10-19T13:34:31.675-0500][gc,marking  ] GC(2) Concurrent Rebuild Remembered Sets 5.214ms
[2021-10-19T13:34:31.675-0500][gc,start    ] GC(2) Pause Cleanup
[2021-10-19T13:34:31.675-0500][gc          ] GC(2) Pause Cleanup 138M->138M(1024M) 0.166ms
[2021-10-19T13:34:31.675-0500][gc,cpu      ] GC(2) User=0.00s Sys=0.00s Real=0.00s
[2021-10-19T13:34:31.675-0500][gc,marking  ] GC(2) Concurrent Cleanup for Next Mark
[2021-10-19T13:34:31.688-0500][gc,marking  ] GC(2) Concurrent Cleanup for Next Mark 13.361ms
[2021-10-19T13:34:31.688-0500][gc          ] GC(2) Concurrent Mark Cycle 30.748ms
[2021-10-19T13:34:33.449-0500][gc,start    ] GC(3) Pause Young (Normal) (G1 Evacuation Pause)
[2021-10-19T13:34:33.449-0500][gc,task     ] GC(3) Using 4 workers of 4 for evacuation
[2021-10-19T13:34:33.458-0500][gc,phases   ] GC(3)   Pre Evacuate Collection Set: 0.1ms
[2021-10-19T13:34:33.458-0500][gc,phases   ] GC(3)   Merge Heap Roots: 0.0ms
[2021-10-19T13:34:33.458-0500][gc,phases   ] GC(3)   Evacuate Collection Set: 8.3ms
[2021-10-19T13:34:33.458-0500][gc,phases   ] GC(3)   Post Evacuate Collection Set: 0.5ms
[2021-10-19T13:34:33.458-0500][gc,phases   ] GC(3)   Other: 0.2ms
[2021-10-19T13:34:33.458-0500][gc,heap     ] GC(3) Eden regions: 49->0(45)
[2021-10-19T13:34:33.458-0500][gc,heap     ] GC(3) Survivor regions: 2->6(7)
[2021-10-19T13:34:33.458-0500][gc,heap     ] GC(3) Old regions: 7->7
[2021-10-19T13:34:33.458-0500][gc,heap     ] GC(3) Archive regions: 2->2
[2021-10-19T13:34:33.458-0500][gc,heap     ] GC(3) Humongous regions: 129->129
[2021-10-19T13:34:33.458-0500][gc,metaspace] GC(3) Metaspace: 32212K(32512K)->32212K(32512K) NonClass: 28633K(28800K)->28633K(28800K) Class: 3579K(3712K)->3579K(3712K)
[2021-10-19T13:34:33.458-0500][gc          ] GC(3) Pause Young (Normal) (G1 Evacuation Pause) 187M->142M(1024M) 9.438ms
[2021-10-19T13:34:33.458-0500][gc,cpu      ] GC(3) User=0.02s Sys=0.00s Real=0.01s
[2021-10-19T13:34:34.946-0500][gc,start    ] GC(4) Pause Young (Concurrent Start) (Metadata GC Threshold)
[2021-10-19T13:34:34.946-0500][gc,task     ] GC(4) Using 4 workers of 4 for evacuation
[2021-10-19T13:34:34.961-0500][gc,phases   ] GC(4)   Pre Evacuate Collection Set: 0.2ms
[2021-10-19T13:34:34.961-0500][gc,phases   ] GC(4)   Merge Heap Roots: 0.1ms
[2021-10-19T13:34:34.961-0500][gc,phases   ] GC(4)   Evacuate Collection Set: 12.8ms
[2021-10-19T13:34:34.961-0500][gc,phases   ] GC(4)   Post Evacuate Collection Set: 0.7ms
[2021-10-19T13:34:34.961-0500][gc,phases   ] GC(4)   Other: 0.6ms
[2021-10-19T13:34:34.961-0500][gc,heap     ] GC(4) Eden regions: 16->0(49)
[2021-10-19T13:34:34.961-0500][gc,heap     ] GC(4) Survivor regions: 6->2(7)
[2021-10-19T13:34:34.961-0500][gc,heap     ] GC(4) Old regions: 7->13
[2021-10-19T13:34:34.961-0500][gc,heap     ] GC(4) Archive regions: 2->2
[2021-10-19T13:34:34.961-0500][gc,heap     ] GC(4) Humongous regions: 129->129
[2021-10-19T13:34:34.961-0500][gc,metaspace] GC(4) Metaspace: 35302K(35648K)->35302K(35648K) NonClass: 31201K(31424K)->31201K(31424K) Class: 4100K(4224K)->4100K(4224K)
[2021-10-19T13:34:34.961-0500][gc          ] GC(4) Pause Young (Concurrent Start) (Metadata GC Threshold) 157M->143M(1024M) 14.871ms
[2021-10-19T13:34:34.961-0500][gc,cpu      ] GC(4) User=0.03s Sys=0.00s Real=0.02s
[2021-10-19T13:34:34.961-0500][gc          ] GC(5) Concurrent Mark Cycle
[2021-10-19T13:34:34.961-0500][gc,marking  ] GC(5) Concurrent Clear Claimed Marks
[2021-10-19T13:34:34.961-0500][gc,marking  ] GC(5) Concurrent Clear Claimed Marks 0.074ms
[2021-10-19T13:34:34.961-0500][gc,marking  ] GC(5) Concurrent Scan Root Regions
[2021-10-19T13:34:34.970-0500][gc,marking  ] GC(5) Concurrent Scan Root Regions 8.819ms
[2021-10-19T13:34:34.971-0500][gc,marking  ] GC(5) Concurrent Mark
[2021-10-19T13:34:34.971-0500][gc,marking  ] GC(5) Concurrent Mark From Roots
[2021-10-19T13:34:34.971-0500][gc,task     ] GC(5) Using 1 workers of 1 for marking
[2021-10-19T13:34:34.990-0500][gc,marking  ] GC(5) Concurrent Mark From Roots 19.355ms
[2021-10-19T13:34:34.990-0500][gc,marking  ] GC(5) Concurrent Preclean
[2021-10-19T13:34:34.990-0500][gc,marking  ] GC(5) Concurrent Preclean 0.104ms
[2021-10-19T13:34:34.990-0500][gc,start    ] GC(5) Pause Remark
[2021-10-19T13:34:34.992-0500][gc          ] GC(5) Pause Remark 144M->144M(1024M) 1.836ms
[2021-10-19T13:34:34.992-0500][gc,cpu      ] GC(5) User=0.00s Sys=0.00s Real=0.00s
[2021-10-19T13:34:35.002-0500][gc,marking  ] GC(5) Concurrent Mark 31.798ms
[2021-10-19T13:34:35.002-0500][gc,marking  ] GC(5) Concurrent Rebuild Remembered Sets
[2021-10-19T13:34:35.043-0500][gc,marking  ] GC(5) Concurrent Rebuild Remembered Sets 40.752ms
[2021-10-19T13:34:35.046-0500][gc,start    ] GC(5) Pause Cleanup
[2021-10-19T13:34:35.046-0500][gc          ] GC(5) Pause Cleanup 144M->144M(1024M) 0.232ms
[2021-10-19T13:34:35.046-0500][gc,cpu      ] GC(5) User=0.00s Sys=0.00s Real=0.00s
[2021-10-19T13:34:35.056-0500][gc,marking  ] GC(5) Concurrent Cleanup for Next Mark
[2021-10-19T13:34:35.097-0500][gc,marking  ] GC(5) Concurrent Cleanup for Next Mark 40.517ms
[2021-10-19T13:34:35.102-0500][gc          ] GC(5) Concurrent Mark Cycle 140.971ms
[2021-10-19T13:36:45.679-0500][gc,start    ] GC(6) Pause Young (Normal) (G1 Evacuation Pause)
[2021-10-19T13:36:45.680-0500][gc,task     ] GC(6) Using 4 workers of 4 for evacuation
[2021-10-19T13:36:45.776-0500][gc,mmu      ] GC(6) MMU target violated: 21.0ms (20.0ms/21.0ms)
[2021-10-19T13:36:45.776-0500][gc,phases   ] GC(6)   Pre Evacuate Collection Set: 2.9ms
[2021-10-19T13:36:45.776-0500][gc,phases   ] GC(6)   Merge Heap Roots: 0.3ms
[2021-10-19T13:36:45.776-0500][gc,phases   ] GC(6)   Evacuate Collection Set: 91.0ms
[2021-10-19T13:36:45.776-0500][gc,phases   ] GC(6)   Post Evacuate Collection Set: 1.8ms
[2021-10-19T13:36:45.776-0500][gc,phases   ] GC(6)   Other: 1.7ms
[2021-10-19T13:36:45.776-0500][gc,heap     ] GC(6) Eden regions: 49->0(46)
[2021-10-19T13:36:45.777-0500][gc,heap     ] GC(6) Survivor regions: 2->5(7)
[2021-10-19T13:36:45.777-0500][gc,heap     ] GC(6) Old regions: 13->13
[2021-10-19T13:36:45.777-0500][gc,heap     ] GC(6) Archive regions: 2->2
[2021-10-19T13:36:45.777-0500][gc,heap     ] GC(6) Humongous regions: 129->129
[2021-10-19T13:36:45.777-0500][gc,metaspace] GC(6) Metaspace: 40416K(41088K)->40416K(41088K) NonClass: 35647K(36032K)->35647K(36032K) Class: 4768K(5056K)->4768K(5056K)
[2021-10-19T13:36:45.777-0500][gc          ] GC(6) Pause Young (Normal) (G1 Evacuation Pause) 192M->146M(1024M) 97.696ms
[2021-10-19T13:36:45.777-0500][gc,cpu      ] GC(6) User=0.05s Sys=0.18s Real=0.10s
[2021-10-19T13:45:23.723-0500][gc,start    ] GC(7) Pause Young (Normal) (G1 Evacuation Pause)
[2021-10-19T13:45:23.724-0500][gc,task     ] GC(7) Using 4 workers of 4 for evacuation
[2021-10-19T13:45:23.734-0500][gc,phases   ] GC(7)   Pre Evacuate Collection Set: 0.1ms
[2021-10-19T13:45:23.734-0500][gc,phases   ] GC(7)   Merge Heap Roots: 0.1ms
[2021-10-19T13:45:23.734-0500][gc,phases   ] GC(7)   Evacuate Collection Set: 8.9ms
[2021-10-19T13:45:23.734-0500][gc,phases   ] GC(7)   Post Evacuate Collection Set: 0.5ms
[2021-10-19T13:45:23.734-0500][gc,phases   ] GC(7)   Other: 1.1ms
[2021-10-19T13:45:23.734-0500][gc,heap     ] GC(7) Eden regions: 46->0(46)
[2021-10-19T13:45:23.734-0500][gc,heap     ] GC(7) Survivor regions: 5->5(7)
[2021-10-19T13:45:23.734-0500][gc,heap     ] GC(7) Old regions: 13->14
[2021-10-19T13:45:23.734-0500][gc,heap     ] GC(7) Archive regions: 2->2
[2021-10-19T13:45:23.734-0500][gc,heap     ] GC(7) Humongous regions: 129->129
[2021-10-19T13:45:23.734-0500][gc,metaspace] GC(7) Metaspace: 40787K(41408K)->40787K(41408K) NonClass: 35991K(36352K)->35991K(36352K) Class: 4795K(5056K)->4795K(5056K)
[2021-10-19T13:45:23.734-0500][gc          ] GC(7) Pause Young (Normal) (G1 Evacuation Pause) 192M->147M(1024M) 11.275ms
[2021-10-19T13:45:23.734-0500][gc,cpu      ] GC(7) User=0.03s Sys=0.01s Real=0.01s
[2021-10-19T13:55:01.268-0500][gc,start    ] GC(8) Pause Young (Normal) (G1 Evacuation Pause)
[2021-10-19T13:55:01.270-0500][gc,task     ] GC(8) Using 4 workers of 4 for evacuation
[2021-10-19T13:55:01.292-0500][gc,mmu      ] GC(8) MMU target violated: 21.0ms (20.0ms/21.0ms)
[2021-10-19T13:55:01.292-0500][gc,phases   ] GC(8)   Pre Evacuate Collection Set: 1.3ms
[2021-10-19T13:55:01.292-0500][gc,phases   ] GC(8)   Merge Heap Roots: 0.2ms
[2021-10-19T13:55:01.292-0500][gc,phases   ] GC(8)   Evacuate Collection Set: 19.1ms
[2021-10-19T13:55:01.292-0500][gc,phases   ] GC(8)   Post Evacuate Collection Set: 1.3ms
[2021-10-19T13:55:01.292-0500][gc,phases   ] GC(8)   Other: 1.7ms
[2021-10-19T13:55:01.292-0500][gc,heap     ] GC(8) Eden regions: 46->0(48)
[2021-10-19T13:55:01.292-0500][gc,heap     ] GC(8) Survivor regions: 5->3(7)
[2021-10-19T13:55:01.292-0500][gc,heap     ] GC(8) Old regions: 14->16
[2021-10-19T13:55:01.292-0500][gc,heap     ] GC(8) Archive regions: 2->2
[2021-10-19T13:55:01.292-0500][gc,heap     ] GC(8) Humongous regions: 129->129
[2021-10-19T13:55:01.292-0500][gc,metaspace] GC(8) Metaspace: 40853K(41408K)->40853K(41408K) NonClass: 36057K(36352K)->36057K(36352K) Class: 4795K(5056K)->4795K(5056K)
[2021-10-19T13:55:01.292-0500][gc          ] GC(8) Pause Young (Normal) (G1 Evacuation Pause) 193M->148M(1024M) 23.697ms
[2021-10-19T13:55:01.292-0500][gc,cpu      ] GC(8) User=0.03s Sys=0.03s Real=0.03s
[2021-10-19T14:05:56.421-0500][gc,start    ] GC(9) Pause Young (Normal) (G1 Evacuation Pause)
[2021-10-19T14:05:56.422-0500][gc,task     ] GC(9) Using 4 workers of 4 for evacuation
[2021-10-19T14:05:56.508-0500][gc,mmu      ] GC(9) MMU target violated: 21.0ms (20.0ms/21.0ms)
[2021-10-19T14:05:56.508-0500][gc,phases   ] GC(9)   Pre Evacuate Collection Set: 10.2ms
[2021-10-19T14:05:56.509-0500][gc,phases   ] GC(9)   Merge Heap Roots: 1.4ms
[2021-10-19T14:05:56.509-0500][gc,phases   ] GC(9)   Evacuate Collection Set: 67.5ms
[2021-10-19T14:05:56.509-0500][gc,phases   ] GC(9)   Post Evacuate Collection Set: 7.0ms
[2021-10-19T14:05:56.509-0500][gc,phases   ] GC(9)   Other: 1.7ms
[2021-10-19T14:05:56.509-0500][gc,heap     ] GC(9) Eden regions: 48->0(48)
[2021-10-19T14:05:56.509-0500][gc,heap     ] GC(9) Survivor regions: 3->3(7)
[2021-10-19T14:05:56.509-0500][gc,heap     ] GC(9) Old regions: 16->16
[2021-10-19T14:05:56.509-0500][gc,heap     ] GC(9) Archive regions: 2->2
[2021-10-19T14:05:56.509-0500][gc,heap     ] GC(9) Humongous regions: 129->129
[2021-10-19T14:05:56.509-0500][gc,metaspace] GC(9) Metaspace: 40920K(41536K)->40920K(41536K) NonClass: 36124K(36480K)->36124K(36480K) Class: 4796K(5056K)->4796K(5056K)
[2021-10-19T14:05:56.509-0500][gc          ] GC(9) Pause Young (Normal) (G1 Evacuation Pause) 196M->148M(1024M) 88.021ms
[2021-10-19T14:05:56.509-0500][gc,cpu      ] GC(9) User=0.02s Sys=0.09s Real=0.08s
[2021-10-19T14:17:37.570-0500][gc,start    ] GC(10) Pause Young (Normal) (G1 Evacuation Pause)
[2021-10-19T14:17:37.572-0500][gc,task     ] GC(10) Using 4 workers of 4 for evacuation
[2021-10-19T14:17:37.658-0500][gc,mmu      ] GC(10) MMU target violated: 21.0ms (20.0ms/21.0ms)
[2021-10-19T14:17:37.658-0500][gc,phases   ] GC(10)   Pre Evacuate Collection Set: 1.8ms
[2021-10-19T14:17:37.658-0500][gc,phases   ] GC(10)   Merge Heap Roots: 0.2ms
[2021-10-19T14:17:37.658-0500][gc,phases   ] GC(10)   Evacuate Collection Set: 82.3ms
[2021-10-19T14:17:37.658-0500][gc,phases   ] GC(10)   Post Evacuate Collection Set: 1.5ms
[2021-10-19T14:17:37.658-0500][gc,phases   ] GC(10)   Other: 3.8ms
[2021-10-19T14:17:37.658-0500][gc,heap     ] GC(10) Eden regions: 48->0(47)
[2021-10-19T14:17:37.658-0500][gc,heap     ] GC(10) Survivor regions: 3->4(7)
[2021-10-19T14:17:37.658-0500][gc,heap     ] GC(10) Old regions: 16->16
[2021-10-19T14:17:37.658-0500][gc,heap     ] GC(10) Archive regions: 2->2
[2021-10-19T14:17:37.658-0500][gc,heap     ] GC(10) Humongous regions: 129->129
[2021-10-19T14:17:37.658-0500][gc,metaspace] GC(10) Metaspace: 40991K(41600K)->40991K(41600K) NonClass: 36194K(36544K)->36194K(36544K) Class: 4796K(5056K)->4796K(5056K)
[2021-10-19T14:17:37.658-0500][gc          ] GC(10) Pause Young (Normal) (G1 Evacuation Pause) 196M->149M(1024M) 87.900ms
[2021-10-19T14:17:37.658-0500][gc,cpu      ] GC(10) User=0.04s Sys=0.13s Real=0.08s
[2021-10-19T14:28:16.181-0500][gc,start    ] GC(11) Pause Young (Normal) (G1 Evacuation Pause)
[2021-10-19T14:28:16.182-0500][gc,task     ] GC(11) Using 4 workers of 4 for evacuation
[2021-10-19T14:28:16.219-0500][gc,mmu      ] GC(11) MMU target violated: 21.0ms (20.0ms/21.0ms)
[2021-10-19T14:28:16.219-0500][gc,phases   ] GC(11)   Pre Evacuate Collection Set: 1.9ms
[2021-10-19T14:28:16.219-0500][gc,phases   ] GC(11)   Merge Heap Roots: 0.2ms
[2021-10-19T14:28:16.219-0500][gc,phases   ] GC(11)   Evacuate Collection Set: 31.2ms
[2021-10-19T14:28:16.219-0500][gc,phases   ] GC(11)   Post Evacuate Collection Set: 3.3ms
[2021-10-19T14:28:16.219-0500][gc,phases   ] GC(11)   Other: 1.5ms
[2021-10-19T14:28:16.219-0500][gc,heap     ] GC(11) Eden regions: 47->0(47)
[2021-10-19T14:28:16.219-0500][gc,heap     ] GC(11) Survivor regions: 4->4(7)
[2021-10-19T14:28:16.219-0500][gc,heap     ] GC(11) Old regions: 16->16
[2021-10-19T14:28:16.219-0500][gc,heap     ] GC(11) Archive regions: 2->2
[2021-10-19T14:28:16.219-0500][gc,heap     ] GC(11) Humongous regions: 129->129
[2021-10-19T14:28:16.219-0500][gc,metaspace] GC(11) Metaspace: 41041K(41600K)->41041K(41600K) NonClass: 36245K(36544K)->36245K(36544K) Class: 4796K(5056K)->4796K(5056K)
[2021-10-19T14:28:16.219-0500][gc          ] GC(11) Pause Young (Normal) (G1 Evacuation Pause) 196M->148M(1024M) 38.351ms
[2021-10-19T14:28:16.219-0500][gc,cpu      ] GC(11) User=0.02s Sys=0.06s Real=0.03s
[2021-10-19T14:39:00.827-0500][gc,start    ] GC(12) Pause Young (Normal) (G1 Evacuation Pause)
[2021-10-19T14:39:00.827-0500][gc,task     ] GC(12) Using 4 workers of 4 for evacuation
[2021-10-19T14:39:00.868-0500][gc,mmu      ] GC(12) MMU target violated: 21.0ms (20.0ms/21.0ms)
[2021-10-19T14:39:00.868-0500][gc,phases   ] GC(12)   Pre Evacuate Collection Set: 1.3ms
[2021-10-19T14:39:00.868-0500][gc,phases   ] GC(12)   Merge Heap Roots: 0.2ms
[2021-10-19T14:39:00.869-0500][gc,phases   ] GC(12)   Evacuate Collection Set: 38.3ms
[2021-10-19T14:39:00.869-0500][gc,phases   ] GC(12)   Post Evacuate Collection Set: 1.0ms
[2021-10-19T14:39:00.869-0500][gc,phases   ] GC(12)   Other: 2.5ms
[2021-10-19T14:39:00.869-0500][gc,heap     ] GC(12) Eden regions: 47->0(46)
[2021-10-19T14:39:00.869-0500][gc,heap     ] GC(12) Survivor regions: 4->5(7)
[2021-10-19T14:39:00.869-0500][gc,heap     ] GC(12) Old regions: 16->16
[2021-10-19T14:39:00.869-0500][gc,heap     ] GC(12) Archive regions: 2->2
[2021-10-19T14:39:00.869-0500][gc,heap     ] GC(12) Humongous regions: 129->129
[2021-10-19T14:39:00.869-0500][gc,metaspace] GC(12) Metaspace: 41096K(41664K)->41096K(41664K) NonClass: 36295K(36608K)->36295K(36608K) Class: 4800K(5056K)->4800K(5056K)
[2021-10-19T14:39:00.869-0500][gc          ] GC(12) Pause Young (Normal) (G1 Evacuation Pause) 195M->150M(1024M) 42.184ms
[2021-10-19T14:39:00.869-0500][gc,cpu      ] GC(12) User=0.02s Sys=0.05s Real=0.04s
[2021-10-19T14:49:29.075-0500][gc,start    ] GC(13) Pause Young (Normal) (G1 Evacuation Pause)
[2021-10-19T14:49:29.076-0500][gc,task     ] GC(13) Using 4 workers of 4 for evacuation
[2021-10-19T14:49:29.096-0500][gc,phases   ] GC(13)   Pre Evacuate Collection Set: 1.5ms
[2021-10-19T14:49:29.096-0500][gc,phases   ] GC(13)   Merge Heap Roots: 0.2ms
[2021-10-19T14:49:29.096-0500][gc,phases   ] GC(13)   Evacuate Collection Set: 16.8ms
[2021-10-19T14:49:29.096-0500][gc,phases   ] GC(13)   Post Evacuate Collection Set: 1.1ms
[2021-10-19T14:49:29.096-0500][gc,phases   ] GC(13)   Other: 1.8ms
[2021-10-19T14:49:29.096-0500][gc,heap     ] GC(13) Eden regions: 46->0(48)
[2021-10-19T14:49:29.096-0500][gc,heap     ] GC(13) Survivor regions: 5->3(7)
[2021-10-19T14:49:29.096-0500][gc,heap     ] GC(13) Old regions: 16->17
[2021-10-19T14:49:29.096-0500][gc,heap     ] GC(13) Archive regions: 2->2
[2021-10-19T14:49:29.096-0500][gc,heap     ] GC(13) Humongous regions: 129->129
[2021-10-19T14:49:29.096-0500][gc,metaspace] GC(13) Metaspace: 41122K(41664K)->41122K(41664K) NonClass: 36322K(36608K)->36322K(36608K) Class: 4800K(5056K)->4800K(5056K)
[2021-10-19T14:49:29.096-0500][gc          ] GC(13) Pause Young (Normal) (G1 Evacuation Pause) 196M->149M(1024M) 21.434ms
[2021-10-19T14:49:29.096-0500][gc,cpu      ] GC(13) User=0.02s Sys=0.03s Real=0.02s
[2021-10-19T15:00:25.034-0500][gc,start    ] GC(14) Pause Young (Normal) (G1 Evacuation Pause)
[2021-10-19T15:00:25.035-0500][gc,task     ] GC(14) Using 4 workers of 4 for evacuation
[2021-10-19T15:00:25.053-0500][gc,phases   ] GC(14)   Pre Evacuate Collection Set: 1.5ms
[2021-10-19T15:00:25.053-0500][gc,phases   ] GC(14)   Merge Heap Roots: 0.2ms
[2021-10-19T15:00:25.053-0500][gc,phases   ] GC(14)   Evacuate Collection Set: 15.5ms
[2021-10-19T15:00:25.053-0500][gc,phases   ] GC(14)   Post Evacuate Collection Set: 1.0ms
[2021-10-19T15:00:25.054-0500][gc,phases   ] GC(14)   Other: 3.2ms
[2021-10-19T15:00:25.054-0500][gc,heap     ] GC(14) Eden regions: 48->0(47)
[2021-10-19T15:00:25.054-0500][gc,heap     ] GC(14) Survivor regions: 3->4(7)
[2021-10-19T15:00:25.054-0500][gc,heap     ] GC(14) Old regions: 17->17
[2021-10-19T15:00:25.054-0500][gc,heap     ] GC(14) Archive regions: 2->2
[2021-10-19T15:00:25.054-0500][gc,heap     ] GC(14) Humongous regions: 129->129
[2021-10-19T15:00:25.054-0500][gc,metaspace] GC(14) Metaspace: 41140K(41728K)->41140K(41728K) NonClass: 36340K(36672K)->36340K(36672K) Class: 4800K(5056K)->4800K(5056K)
[2021-10-19T15:00:25.054-0500][gc          ] GC(14) Pause Young (Normal) (G1 Evacuation Pause) 197M->150M(1024M) 19.440ms
[2021-10-19T15:00:25.054-0500][gc,cpu      ] GC(14) User=0.02s Sys=0.03s Real=0.02s
[2021-10-19T15:11:05.126-0500][gc,start    ] GC(15) Pause Young (Normal) (G1 Evacuation Pause)
[2021-10-19T15:11:05.127-0500][gc,task     ] GC(15) Using 4 workers of 4 for evacuation
[2021-10-19T15:11:05.161-0500][gc,mmu      ] GC(15) MMU target violated: 21.0ms (20.0ms/21.0ms)
[2021-10-19T15:11:05.161-0500][gc,phases   ] GC(15)   Pre Evacuate Collection Set: 2.1ms
[2021-10-19T15:11:05.161-0500][gc,phases   ] GC(15)   Merge Heap Roots: 0.2ms
[2021-10-19T15:11:05.161-0500][gc,phases   ] GC(15)   Evacuate Collection Set: 29.9ms
[2021-10-19T15:11:05.161-0500][gc,phases   ] GC(15)   Post Evacuate Collection Set: 1.2ms
[2021-10-19T15:11:05.162-0500][gc,phases   ] GC(15)   Other: 2.0ms
[2021-10-19T15:11:05.162-0500][gc,heap     ] GC(15) Eden regions: 47->0(48)
[2021-10-19T15:11:05.162-0500][gc,heap     ] GC(15) Survivor regions: 4->3(7)
[2021-10-19T15:11:05.162-0500][gc,heap     ] GC(15) Old regions: 17->17
[2021-10-19T15:11:05.162-0500][gc,heap     ] GC(15) Archive regions: 2->2
[2021-10-19T15:11:05.162-0500][gc,heap     ] GC(15) Humongous regions: 129->129
[2021-10-19T15:11:05.162-0500][gc,metaspace] GC(15) Metaspace: 41143K(41728K)->41143K(41728K) NonClass: 36343K(36672K)->36343K(36672K) Class: 4800K(5056K)->4800K(5056K)
[2021-10-19T15:11:05.162-0500][gc          ] GC(15) Pause Young (Normal) (G1 Evacuation Pause) 197M->149M(1024M) 36.062ms
[2021-10-19T15:11:05.162-0500][gc,cpu      ] GC(15) User=0.02s Sys=0.04s Real=0.04s
[2021-10-19T15:22:04.385-0500][gc,start    ] GC(16) Pause Young (Normal) (G1 Evacuation Pause)
[2021-10-19T15:22:04.386-0500][gc,task     ] GC(16) Using 4 workers of 4 for evacuation
[2021-10-19T15:22:04.401-0500][gc,phases   ] GC(16)   Pre Evacuate Collection Set: 1.5ms
[2021-10-19T15:22:04.401-0500][gc,phases   ] GC(16)   Merge Heap Roots: 0.2ms
[2021-10-19T15:22:04.401-0500][gc,phases   ] GC(16)   Evacuate Collection Set: 11.3ms
[2021-10-19T15:22:04.401-0500][gc,phases   ] GC(16)   Post Evacuate Collection Set: 1.3ms
[2021-10-19T15:22:04.401-0500][gc,phases   ] GC(16)   Other: 2.5ms
[2021-10-19T15:22:04.401-0500][gc,heap     ] GC(16) Eden regions: 48->0(48)
[2021-10-19T15:22:04.401-0500][gc,heap     ] GC(16) Survivor regions: 3->3(7)
[2021-10-19T15:22:04.401-0500][gc,heap     ] GC(16) Old regions: 17->17
[2021-10-19T15:22:04.401-0500][gc,heap     ] GC(16) Archive regions: 2->2
[2021-10-19T15:22:04.401-0500][gc,heap     ] GC(16) Humongous regions: 129->129
[2021-10-19T15:22:04.401-0500][gc,metaspace] GC(16) Metaspace: 41156K(41728K)->41156K(41728K) NonClass: 36356K(36672K)->36356K(36672K) Class: 4800K(5056K)->4800K(5056K)
[2021-10-19T15:22:04.401-0500][gc          ] GC(16) Pause Young (Normal) (G1 Evacuation Pause) 197M->149M(1024M) 15.550ms
[2021-10-19T15:22:04.401-0500][gc,cpu      ] GC(16) User=0.02s Sys=0.03s Real=0.02s
[2021-10-19T15:33:04.261-0500][gc,start    ] GC(17) Pause Young (Normal) (G1 Evacuation Pause)
[2021-10-19T15:33:04.262-0500][gc,task     ] GC(17) Using 4 workers of 4 for evacuation
[2021-10-19T15:33:04.284-0500][gc,mmu      ] GC(17) MMU target violated: 21.0ms (20.0ms/21.0ms)
[2021-10-19T15:33:04.284-0500][gc,phases   ] GC(17)   Pre Evacuate Collection Set: 1.5ms
[2021-10-19T15:33:04.284-0500][gc,phases   ] GC(17)   Merge Heap Roots: 0.2ms
[2021-10-19T15:33:04.284-0500][gc,phases   ] GC(17)   Evacuate Collection Set: 18.0ms
[2021-10-19T15:33:04.284-0500][gc,phases   ] GC(17)   Post Evacuate Collection Set: 1.2ms
[2021-10-19T15:33:04.284-0500][gc,phases   ] GC(17)   Other: 2.8ms
[2021-10-19T15:33:04.284-0500][gc,heap     ] GC(17) Eden regions: 48->0(47)
[2021-10-19T15:33:04.284-0500][gc,heap     ] GC(17) Survivor regions: 3->4(7)
[2021-10-19T15:33:04.284-0500][gc,heap     ] GC(17) Old regions: 17->17
[2021-10-19T15:33:04.284-0500][gc,heap     ] GC(17) Archive regions: 2->2
[2021-10-19T15:33:04.284-0500][gc,heap     ] GC(17) Humongous regions: 129->129
[2021-10-19T15:33:04.284-0500][gc,metaspace] GC(17) Metaspace: 41157K(41728K)->41157K(41728K) NonClass: 36357K(36672K)->36357K(36672K) Class: 4800K(5056K)->4800K(5056K)
[2021-10-19T15:33:04.284-0500][gc          ] GC(17) Pause Young (Normal) (G1 Evacuation Pause) 197M->150M(1024M) 23.837ms
[2021-10-19T15:33:04.284-0500][gc,cpu      ] GC(17) User=0.02s Sys=0.03s Real=0.02s
[2021-10-19T15:43:05.433-0500][gc,start    ] GC(18) Pause Young (Normal) (G1 Evacuation Pause)
[2021-10-19T15:43:05.434-0500][gc,task     ] GC(18) Using 4 workers of 4 for evacuation
[2021-10-19T15:43:05.453-0500][gc,phases   ] GC(18)   Pre Evacuate Collection Set: 1.4ms
[2021-10-19T15:43:05.454-0500][gc,phases   ] GC(18)   Merge Heap Roots: 0.4ms
[2021-10-19T15:43:05.454-0500][gc,phases   ] GC(18)   Evacuate Collection Set: 15.9ms
[2021-10-19T15:43:05.454-0500][gc,phases   ] GC(18)   Post Evacuate Collection Set: 2.0ms
[2021-10-19T15:43:05.454-0500][gc,phases   ] GC(18)   Other: 2.2ms
[2021-10-19T15:43:05.454-0500][gc,heap     ] GC(18) Eden regions: 47->0(48)
[2021-10-19T15:43:05.454-0500][gc,heap     ] GC(18) Survivor regions: 4->3(7)
[2021-10-19T15:43:05.454-0500][gc,heap     ] GC(18) Old regions: 17->17
[2021-10-19T15:43:05.454-0500][gc,heap     ] GC(18) Archive regions: 2->2
[2021-10-19T15:43:05.454-0500][gc,heap     ] GC(18) Humongous regions: 129->129
[2021-10-19T15:43:05.454-0500][gc,metaspace] GC(18) Metaspace: 41162K(41728K)->41162K(41728K) NonClass: 36361K(36672K)->36361K(36672K) Class: 4800K(5056K)->4800K(5056K)
[2021-10-19T15:43:05.454-0500][gc          ] GC(18) Pause Young (Normal) (G1 Evacuation Pause) 197M->149M(1024M) 20.628ms
[2021-10-19T15:43:05.454-0500][gc,cpu      ] GC(18) User=0.02s Sys=0.03s Real=0.02s
[2021-10-19T20:38:46.304-0500][gc,start    ] GC(19) Pause Young (Normal) (G1 Evacuation Pause)
[2021-10-19T20:38:46.305-0500][gc,task     ] GC(19) Using 4 workers of 4 for evacuation
[2021-10-19T20:38:46.352-0500][gc,mmu      ] GC(19) MMU target violated: 21.0ms (20.0ms/21.0ms)
[2021-10-19T20:38:46.353-0500][gc,phases   ] GC(19)   Pre Evacuate Collection Set: 4.1ms
[2021-10-19T20:38:46.354-0500][gc,phases   ] GC(19)   Merge Heap Roots: 2.3ms
[2021-10-19T20:38:46.354-0500][gc,phases   ] GC(19)   Evacuate Collection Set: 34.0ms
[2021-10-19T20:38:46.354-0500][gc,phases   ] GC(19)   Post Evacuate Collection Set: 4.7ms
[2021-10-19T20:38:46.354-0500][gc,phases   ] GC(19)   Other: 5.8ms
[2021-10-19T20:38:46.354-0500][gc,heap     ] GC(19) Eden regions: 48->0(47)
[2021-10-19T20:38:46.354-0500][gc,heap     ] GC(19) Survivor regions: 3->4(7)
[2021-10-19T20:38:46.354-0500][gc,heap     ] GC(19) Old regions: 17->17
[2021-10-19T20:38:46.354-0500][gc,heap     ] GC(19) Archive regions: 2->2
[2021-10-19T20:38:46.354-0500][gc,heap     ] GC(19) Humongous regions: 129->129
[2021-10-19T20:38:46.355-0500][gc,metaspace] GC(19) Metaspace: 41177K(41728K)->41177K(41728K) NonClass: 36377K(36672K)->36377K(36672K) Class: 4800K(5056K)->4800K(5056K)
[2021-10-19T20:38:46.355-0500][gc          ] GC(19) Pause Young (Normal) (G1 Evacuation Pause) 197M->150M(1024M) 51.158ms
[2021-10-19T20:38:46.355-0500][gc,cpu      ] GC(19) User=0.02s Sys=0.05s Real=0.05s
[2021-10-19T20:49:34.820-0500][gc,start    ] GC(20) Pause Young (Normal) (G1 Evacuation Pause)
[2021-10-19T20:49:34.821-0500][gc,task     ] GC(20) Using 4 workers of 4 for evacuation
[2021-10-19T20:49:34.847-0500][gc,mmu      ] GC(20) MMU target violated: 21.0ms (20.0ms/21.0ms)
[2021-10-19T20:49:34.847-0500][gc,phases   ] GC(20)   Pre Evacuate Collection Set: 2.8ms
[2021-10-19T20:49:34.847-0500][gc,phases   ] GC(20)   Merge Heap Roots: 0.6ms
[2021-10-19T20:49:34.847-0500][gc,phases   ] GC(20)   Evacuate Collection Set: 20.8ms
[2021-10-19T20:49:34.847-0500][gc,phases   ] GC(20)   Post Evacuate Collection Set: 1.2ms
[2021-10-19T20:49:34.847-0500][gc,phases   ] GC(20)   Other: 3.7ms
[2021-10-19T20:49:34.847-0500][gc,heap     ] GC(20) Eden regions: 47->0(48)
[2021-10-19T20:49:34.847-0500][gc,heap     ] GC(20) Survivor regions: 4->3(7)
[2021-10-19T20:49:34.847-0500][gc,heap     ] GC(20) Old regions: 17->17
[2021-10-19T20:49:34.847-0500][gc,heap     ] GC(20) Archive regions: 2->2
[2021-10-19T20:49:34.847-0500][gc,heap     ] GC(20) Humongous regions: 129->129
[2021-10-19T20:49:34.847-0500][gc,metaspace] GC(20) Metaspace: 41178K(41728K)->41178K(41728K) NonClass: 36377K(36672K)->36377K(36672K) Class: 4800K(5056K)->4800K(5056K)
[2021-10-19T20:49:34.847-0500][gc          ] GC(20) Pause Young (Normal) (G1 Evacuation Pause) 197M->149M(1024M) 27.397ms
[2021-10-19T20:49:34.847-0500][gc,cpu      ] GC(20) User=0.02s Sys=0.04s Real=0.02s
[2021-10-19T21:00:38.587-0500][gc,start    ] GC(21) Pause Young (Normal) (G1 Evacuation Pause)
[2021-10-19T21:00:38.588-0500][gc,task     ] GC(21) Using 4 workers of 4 for evacuation
[2021-10-19T21:00:38.635-0500][gc,mmu      ] GC(21) MMU target violated: 21.0ms (20.0ms/21.0ms)
[2021-10-19T21:00:38.635-0500][gc,phases   ] GC(21)   Pre Evacuate Collection Set: 5.6ms
[2021-10-19T21:00:38.635-0500][gc,phases   ] GC(21)   Merge Heap Roots: 2.1ms
[2021-10-19T21:00:38.635-0500][gc,phases   ] GC(21)   Evacuate Collection Set: 36.3ms
[2021-10-19T21:00:38.635-0500][gc,phases   ] GC(21)   Post Evacuate Collection Set: 1.4ms
[2021-10-19T21:00:38.635-0500][gc,phases   ] GC(21)   Other: 3.6ms
[2021-10-19T21:00:38.635-0500][gc,heap     ] GC(21) Eden regions: 48->0(47)
[2021-10-19T21:00:38.636-0500][gc,heap     ] GC(21) Survivor regions: 3->4(7)
[2021-10-19T21:00:38.636-0500][gc,heap     ] GC(21) Old regions: 17->17
[2021-10-19T21:00:38.636-0500][gc,heap     ] GC(21) Archive regions: 2->2
[2021-10-19T21:00:38.636-0500][gc,heap     ] GC(21) Humongous regions: 129->129
[2021-10-19T21:00:38.636-0500][gc,metaspace] GC(21) Metaspace: 41178K(41728K)->41178K(41728K) NonClass: 36378K(36672K)->36378K(36672K) Class: 4800K(5056K)->4800K(5056K)
[2021-10-19T21:00:38.636-0500][gc          ] GC(21) Pause Young (Normal) (G1 Evacuation Pause) 197M->150M(1024M) 49.687ms
[2021-10-19T21:00:38.636-0500][gc,cpu      ] GC(21) User=0.02s Sys=0.06s Real=0.05s
[2021-10-19T21:11:24.065-0500][gc,start    ] GC(22) Pause Young (Normal) (G1 Evacuation Pause)
[2021-10-19T21:11:24.066-0500][gc,task     ] GC(22) Using 4 workers of 4 for evacuation
[2021-10-19T21:11:24.136-0500][gc,mmu      ] GC(22) MMU target violated: 21.0ms (20.0ms/21.0ms)
[2021-10-19T21:11:24.137-0500][gc,phases   ] GC(22)   Pre Evacuate Collection Set: 2.4ms
[2021-10-19T21:11:24.137-0500][gc,phases   ] GC(22)   Merge Heap Roots: 1.7ms
[2021-10-19T21:11:24.137-0500][gc,phases   ] GC(22)   Evacuate Collection Set: 55.9ms
[2021-10-19T21:11:24.137-0500][gc,phases   ] GC(22)   Post Evacuate Collection Set: 5.8ms
[2021-10-19T21:11:24.137-0500][gc,phases   ] GC(22)   Other: 8.1ms
[2021-10-19T21:11:24.138-0500][gc,heap     ] GC(22) Eden regions: 47->0(48)
[2021-10-19T21:11:24.138-0500][gc,heap     ] GC(22) Survivor regions: 4->3(7)
[2021-10-19T21:11:24.138-0500][gc,heap     ] GC(22) Old regions: 17->17
[2021-10-19T21:11:24.138-0500][gc,heap     ] GC(22) Archive regions: 2->2
[2021-10-19T21:11:24.138-0500][gc,heap     ] GC(22) Humongous regions: 129->129
[2021-10-19T21:11:24.138-0500][gc,metaspace] GC(22) Metaspace: 41183K(41792K)->41183K(41792K) NonClass: 36383K(36736K)->36383K(36736K) Class: 4800K(5056K)->4800K(5056K)
[2021-10-19T21:11:24.138-0500][gc          ] GC(22) Pause Young (Normal) (G1 Evacuation Pause) 197M->149M(1024M) 73.889ms
[2021-10-19T21:11:24.138-0500][gc,cpu      ] GC(22) User=0.02s Sys=0.09s Real=0.07s
[2021-10-19T21:21:45.367-0500][gc,start    ] GC(23) Pause Young (Normal) (G1 Evacuation Pause)
[2021-10-19T21:21:45.368-0500][gc,task     ] GC(23) Using 4 workers of 4 for evacuation
[2021-10-19T21:21:45.408-0500][gc,mmu      ] GC(23) MMU target violated: 21.0ms (20.0ms/21.0ms)
[2021-10-19T21:21:45.408-0500][gc,phases   ] GC(23)   Pre Evacuate Collection Set: 3.5ms
[2021-10-19T21:21:45.408-0500][gc,phases   ] GC(23)   Merge Heap Roots: 1.1ms
[2021-10-19T21:21:45.408-0500][gc,phases   ] GC(23)   Evacuate Collection Set: 34.1ms
[2021-10-19T21:21:45.408-0500][gc,phases   ] GC(23)   Post Evacuate Collection Set: 1.0ms
[2021-10-19T21:21:45.408-0500][gc,phases   ] GC(23)   Other: 1.8ms
[2021-10-19T21:21:45.408-0500][gc,heap     ] GC(23) Eden regions: 48->0(47)
[2021-10-19T21:21:45.408-0500][gc,heap     ] GC(23) Survivor regions: 3->4(7)
[2021-10-19T21:21:45.408-0500][gc,heap     ] GC(23) Old regions: 17->17
[2021-10-19T21:21:45.408-0500][gc,heap     ] GC(23) Archive regions: 2->2
[2021-10-19T21:21:45.408-0500][gc,heap     ] GC(23) Humongous regions: 129->129
[2021-10-19T21:21:45.408-0500][gc,metaspace] GC(23) Metaspace: 41185K(41792K)->41185K(41792K) NonClass: 36385K(36736K)->36385K(36736K) Class: 4800K(5056K)->4800K(5056K)
[2021-10-19T21:21:45.408-0500][gc          ] GC(23) Pause Young (Normal) (G1 Evacuation Pause) 197M->150M(1024M) 41.427ms
[2021-10-19T21:21:45.408-0500][gc,cpu      ] GC(23) User=0.03s Sys=0.06s Real=0.04s
[2021-10-19T21:32:29.301-0500][gc,start    ] GC(24) Pause Young (Normal) (G1 Evacuation Pause)
[2021-10-19T21:32:29.302-0500][gc,task     ] GC(24) Using 4 workers of 4 for evacuation
[2021-10-19T21:32:29.333-0500][gc,mmu      ] GC(24) MMU target violated: 21.0ms (20.0ms/21.0ms)
[2021-10-19T21:32:29.333-0500][gc,phases   ] GC(24)   Pre Evacuate Collection Set: 2.2ms
[2021-10-19T21:32:29.333-0500][gc,phases   ] GC(24)   Merge Heap Roots: 0.3ms
[2021-10-19T21:32:29.333-0500][gc,phases   ] GC(24)   Evacuate Collection Set: 22.2ms
[2021-10-19T21:32:29.333-0500][gc,phases   ] GC(24)   Post Evacuate Collection Set: 5.5ms
[2021-10-19T21:32:29.333-0500][gc,phases   ] GC(24)   Other: 3.9ms
[2021-10-19T21:32:29.333-0500][gc,heap     ] GC(24) Eden regions: 47->0(47)
[2021-10-19T21:32:29.333-0500][gc,heap     ] GC(24) Survivor regions: 4->4(7)
[2021-10-19T21:32:29.333-0500][gc,heap     ] GC(24) Old regions: 17->17
[2021-10-19T21:32:29.333-0500][gc,heap     ] GC(24) Archive regions: 2->2
[2021-10-19T21:32:29.333-0500][gc,heap     ] GC(24) Humongous regions: 129->129
[2021-10-19T21:32:29.333-0500][gc,metaspace] GC(24) Metaspace: 41194K(41792K)->41194K(41792K) NonClass: 36394K(36736K)->36394K(36736K) Class: 4800K(5056K)->4800K(5056K)
[2021-10-19T21:32:29.333-0500][gc          ] GC(24) Pause Young (Normal) (G1 Evacuation Pause) 197M->150M(1024M) 32.482ms
[2021-10-19T21:32:29.333-0500][gc,cpu      ] GC(24) User=0.02s Sys=0.03s Real=0.03s
[2021-10-19T21:43:14.913-0500][gc,start    ] GC(25) Pause Young (Normal) (G1 Evacuation Pause)
[2021-10-19T21:43:14.914-0500][gc,task     ] GC(25) Using 4 workers of 4 for evacuation
[2021-10-19T21:43:14.931-0500][gc,phases   ] GC(25)   Pre Evacuate Collection Set: 2.0ms
[2021-10-19T21:43:14.931-0500][gc,phases   ] GC(25)   Merge Heap Roots: 0.3ms
[2021-10-19T21:43:14.931-0500][gc,phases   ] GC(25)   Evacuate Collection Set: 12.6ms
[2021-10-19T21:43:14.931-0500][gc,phases   ] GC(25)   Post Evacuate Collection Set: 1.3ms
[2021-10-19T21:43:14.931-0500][gc,phases   ] GC(25)   Other: 1.4ms
[2021-10-19T21:43:14.931-0500][gc,heap     ] GC(25) Eden regions: 47->0(48)
[2021-10-19T21:43:14.931-0500][gc,heap     ] GC(25) Survivor regions: 4->3(7)
[2021-10-19T21:43:14.931-0500][gc,heap     ] GC(25) Old regions: 17->17
[2021-10-19T21:43:14.931-0500][gc,heap     ] GC(25) Archive regions: 2->2
[2021-10-19T21:43:14.931-0500][gc,heap     ] GC(25) Humongous regions: 129->129
[2021-10-19T21:43:14.931-0500][gc,metaspace] GC(25) Metaspace: 41199K(41792K)->41199K(41792K) NonClass: 36398K(36736K)->36398K(36736K) Class: 4800K(5056K)->4800K(5056K)
[2021-10-19T21:43:14.931-0500][gc          ] GC(25) Pause Young (Normal) (G1 Evacuation Pause) 197M->149M(1024M) 17.762ms
[2021-10-19T21:43:14.931-0500][gc,cpu      ] GC(25) User=0.01s Sys=0.03s Real=0.02s
[2021-10-19T21:54:18.502-0500][gc,start    ] GC(26) Pause Young (Normal) (G1 Evacuation Pause)
[2021-10-19T21:54:18.504-0500][gc,task     ] GC(26) Using 4 workers of 4 for evacuation
[2021-10-19T21:54:18.559-0500][gc,mmu      ] GC(26) MMU target violated: 21.0ms (20.0ms/21.0ms)
[2021-10-19T21:54:18.559-0500][gc,phases   ] GC(26)   Pre Evacuate Collection Set: 4.1ms
[2021-10-19T21:54:18.559-0500][gc,phases   ] GC(26)   Merge Heap Roots: 0.2ms
[2021-10-19T21:54:18.559-0500][gc,phases   ] GC(26)   Evacuate Collection Set: 47.7ms
[2021-10-19T21:54:18.559-0500][gc,phases   ] GC(26)   Post Evacuate Collection Set: 2.9ms
[2021-10-19T21:54:18.560-0500][gc,phases   ] GC(26)   Other: 3.8ms
[2021-10-19T21:54:18.560-0500][gc,heap     ] GC(26) Eden regions: 48->0(47)
[2021-10-19T21:54:18.560-0500][gc,heap     ] GC(26) Survivor regions: 3->4(7)
[2021-10-19T21:54:18.560-0500][gc,heap     ] GC(26) Old regions: 17->17
[2021-10-19T21:54:18.560-0500][gc,heap     ] GC(26) Archive regions: 2->2
[2021-10-19T21:54:18.560-0500][gc,heap     ] GC(26) Humongous regions: 129->129
[2021-10-19T21:54:18.560-0500][gc,metaspace] GC(26) Metaspace: 41208K(41856K)->41208K(41856K) NonClass: 36407K(36800K)->36407K(36800K) Class: 4800K(5056K)->4800K(5056K)
[2021-10-19T21:54:18.560-0500][gc          ] GC(26) Pause Young (Normal) (G1 Evacuation Pause) 197M->150M(1024M) 57.591ms
[2021-10-19T21:54:18.560-0500][gc,cpu      ] GC(26) User=0.02s Sys=0.07s Real=0.06s
[2021-10-19T22:05:05.520-0500][gc,start    ] GC(27) Pause Young (Normal) (G1 Evacuation Pause)
[2021-10-19T22:05:05.521-0500][gc,task     ] GC(27) Using 4 workers of 4 for evacuation
[2021-10-19T22:05:05.588-0500][gc,mmu      ] GC(27) MMU target violated: 21.0ms (20.0ms/21.0ms)
[2021-10-19T22:05:05.588-0500][gc,phases   ] GC(27)   Pre Evacuate Collection Set: 3.9ms
[2021-10-19T22:05:05.588-0500][gc,phases   ] GC(27)   Merge Heap Roots: 0.2ms
[2021-10-19T22:05:05.588-0500][gc,phases   ] GC(27)   Evacuate Collection Set: 59.7ms
[2021-10-19T22:05:05.588-0500][gc,phases   ] GC(27)   Post Evacuate Collection Set: 2.7ms
[2021-10-19T22:05:05.588-0500][gc,phases   ] GC(27)   Other: 1.9ms
[2021-10-19T22:05:05.589-0500][gc,heap     ] GC(27) Eden regions: 47->0(48)
[2021-10-19T22:05:05.589-0500][gc,heap     ] GC(27) Survivor regions: 4->3(7)
[2021-10-19T22:05:05.589-0500][gc,heap     ] GC(27) Old regions: 17->18
[2021-10-19T22:05:05.589-0500][gc,heap     ] GC(27) Archive regions: 2->2
[2021-10-19T22:05:05.589-0500][gc,heap     ] GC(27) Humongous regions: 129->129
[2021-10-19T22:05:05.589-0500][gc,metaspace] GC(27) Metaspace: 41208K(41856K)->41208K(41856K) NonClass: 36408K(36800K)->36408K(36800K) Class: 4800K(5056K)->4800K(5056K)
[2021-10-19T22:05:05.589-0500][gc          ] GC(27) Pause Young (Normal) (G1 Evacuation Pause) 197M->149M(1024M) 68.607ms
[2021-10-19T22:05:05.589-0500][gc,cpu      ] GC(27) User=0.02s Sys=0.04s Real=0.06s
[2021-10-19T22:16:04.950-0500][gc,start    ] GC(28) Pause Young (Normal) (G1 Evacuation Pause)
[2021-10-19T22:16:04.952-0500][gc,task     ] GC(28) Using 4 workers of 4 for evacuation
[2021-10-19T22:16:05.096-0500][gc,mmu      ] GC(28) MMU target violated: 21.0ms (20.0ms/21.0ms)
[2021-10-19T22:16:05.096-0500][gc,phases   ] GC(28)   Pre Evacuate Collection Set: 11.7ms
[2021-10-19T22:16:05.096-0500][gc,phases   ] GC(28)   Merge Heap Roots: 4.3ms
[2021-10-19T22:16:05.096-0500][gc,phases   ] GC(28)   Evacuate Collection Set: 121.2ms
[2021-10-19T22:16:05.096-0500][gc,phases   ] GC(28)   Post Evacuate Collection Set: 2.8ms
[2021-10-19T22:16:05.096-0500][gc,phases   ] GC(28)   Other: 8.4ms
[2021-10-19T22:16:05.096-0500][gc,heap     ] GC(28) Eden regions: 48->0(47)
[2021-10-19T22:16:05.096-0500][gc,heap     ] GC(28) Survivor regions: 3->4(7)
[2021-10-19T22:16:05.096-0500][gc,heap     ] GC(28) Old regions: 18->18
[2021-10-19T22:16:05.096-0500][gc,heap     ] GC(28) Archive regions: 2->2
[2021-10-19T22:16:05.096-0500][gc,heap     ] GC(28) Humongous regions: 129->129
[2021-10-19T22:16:05.096-0500][gc,metaspace] GC(28) Metaspace: 41209K(41856K)->41209K(41856K) NonClass: 36408K(36800K)->36408K(36800K) Class: 4800K(5056K)->4800K(5056K)
[2021-10-19T22:16:05.097-0500][gc          ] GC(28) Pause Young (Normal) (G1 Evacuation Pause) 197M->150M(1024M) 146.488ms
[2021-10-19T22:16:05.097-0500][gc,cpu      ] GC(28) User=0.02s Sys=0.09s Real=0.14s
[2021-10-19T22:26:16.369-0500][gc,start    ] GC(29) Pause Young (Normal) (G1 Evacuation Pause)
[2021-10-19T22:26:16.370-0500][gc,task     ] GC(29) Using 4 workers of 4 for evacuation
[2021-10-19T22:26:16.500-0500][gc,mmu      ] GC(29) MMU target violated: 21.0ms (20.0ms/21.0ms)
[2021-10-19T22:26:16.500-0500][gc,phases   ] GC(29)   Pre Evacuate Collection Set: 16.7ms
[2021-10-19T22:26:16.500-0500][gc,phases   ] GC(29)   Merge Heap Roots: 4.4ms
[2021-10-19T22:26:16.500-0500][gc,phases   ] GC(29)   Evacuate Collection Set: 98.1ms
[2021-10-19T22:26:16.500-0500][gc,phases   ] GC(29)   Post Evacuate Collection Set: 8.7ms
[2021-10-19T22:26:16.500-0500][gc,phases   ] GC(29)   Other: 3.5ms
[2021-10-19T22:26:16.500-0500][gc,heap     ] GC(29) Eden regions: 47->0(48)
[2021-10-19T22:26:16.500-0500][gc,heap     ] GC(29) Survivor regions: 4->3(7)
[2021-10-19T22:26:16.500-0500][gc,heap     ] GC(29) Old regions: 18->18
[2021-10-19T22:26:16.500-0500][gc,heap     ] GC(29) Archive regions: 2->2
[2021-10-19T22:26:16.500-0500][gc,heap     ] GC(29) Humongous regions: 129->129
[2021-10-19T22:26:16.500-0500][gc,metaspace] GC(29) Metaspace: 41209K(41856K)->41209K(41856K) NonClass: 36408K(36800K)->36408K(36800K) Class: 4800K(5056K)->4800K(5056K)
[2021-10-19T22:26:16.500-0500][gc          ] GC(29) Pause Young (Normal) (G1 Evacuation Pause) 197M->149M(1024M) 131.508ms
[2021-10-19T22:26:16.500-0500][gc,cpu      ] GC(29) User=0.02s Sys=0.11s Real=0.14s
[2021-10-19T22:37:16.813-0500][gc,start    ] GC(30) Pause Young (Normal) (G1 Evacuation Pause)
[2021-10-19T22:37:16.814-0500][gc,task     ] GC(30) Using 4 workers of 4 for evacuation
[2021-10-19T22:37:16.976-0500][gc,mmu      ] GC(30) MMU target violated: 21.0ms (20.0ms/21.0ms)
[2021-10-19T22:37:16.976-0500][gc,phases   ] GC(30)   Pre Evacuate Collection Set: 3.5ms
[2021-10-19T22:37:16.976-0500][gc,phases   ] GC(30)   Merge Heap Roots: 0.2ms
[2021-10-19T22:37:16.976-0500][gc,phases   ] GC(30)   Evacuate Collection Set: 152.9ms
[2021-10-19T22:37:16.979-0500][gc,phases   ] GC(30)   Post Evacuate Collection Set: 4.6ms
[2021-10-19T22:37:16.979-0500][gc,phases   ] GC(30)   Other: 3.6ms
[2021-10-19T22:37:16.980-0500][gc,heap     ] GC(30) Eden regions: 48->0(47)
[2021-10-19T22:37:16.980-0500][gc,heap     ] GC(30) Survivor regions: 3->4(7)
[2021-10-19T22:37:16.980-0500][gc,heap     ] GC(30) Old regions: 18->18
[2021-10-19T22:37:16.980-0500][gc,heap     ] GC(30) Archive regions: 2->2
[2021-10-19T22:37:16.980-0500][gc,heap     ] GC(30) Humongous regions: 129->129
[2021-10-19T22:37:16.980-0500][gc,metaspace] GC(30) Metaspace: 41219K(41856K)->41219K(41856K) NonClass: 36419K(36800K)->36419K(36800K) Class: 4800K(5056K)->4800K(5056K)
[2021-10-19T22:37:16.980-0500][gc          ] GC(30) Pause Young (Normal) (G1 Evacuation Pause) 197M->150M(1024M) 167.385ms
[2021-10-19T22:37:16.980-0500][gc,cpu      ] GC(30) User=0.03s Sys=0.11s Real=0.17s
[2021-10-19T22:48:07.460-0500][gc,start    ] GC(31) Pause Young (Normal) (G1 Evacuation Pause)
[2021-10-19T22:48:07.461-0500][gc,task     ] GC(31) Using 4 workers of 4 for evacuation
[2021-10-19T22:48:07.508-0500][gc,mmu      ] GC(31) MMU target violated: 21.0ms (20.0ms/21.0ms)
[2021-10-19T22:48:07.508-0500][gc,phases   ] GC(31)   Pre Evacuate Collection Set: 3.9ms
[2021-10-19T22:48:07.508-0500][gc,phases   ] GC(31)   Merge Heap Roots: 1.8ms
[2021-10-19T22:48:07.508-0500][gc,phases   ] GC(31)   Evacuate Collection Set: 39.9ms
[2021-10-19T22:48:07.508-0500][gc,phases   ] GC(31)   Post Evacuate Collection Set: 1.5ms
[2021-10-19T22:48:07.508-0500][gc,phases   ] GC(31)   Other: 1.5ms
[2021-10-19T22:48:07.508-0500][gc,heap     ] GC(31) Eden regions: 47->0(48)
[2021-10-19T22:48:07.508-0500][gc,heap     ] GC(31) Survivor regions: 4->3(7)
[2021-10-19T22:48:07.508-0500][gc,heap     ] GC(31) Old regions: 18->18
[2021-10-19T22:48:07.508-0500][gc,heap     ] GC(31) Archive regions: 2->2
[2021-10-19T22:48:07.508-0500][gc,heap     ] GC(31) Humongous regions: 129->129
[2021-10-19T22:48:07.508-0500][gc,metaspace] GC(31) Metaspace: 41224K(41856K)->41224K(41856K) NonClass: 36424K(36800K)->36424K(36800K) Class: 4800K(5056K)->4800K(5056K)
[2021-10-19T22:48:07.508-0500][gc          ] GC(31) Pause Young (Normal) (G1 Evacuation Pause) 197M->150M(1024M) 48.743ms
[2021-10-19T22:48:07.508-0500][gc,cpu      ] GC(31) User=0.02s Sys=0.07s Real=0.04s
[2021-10-19T23:03:19.027-0500][gc,start    ] GC(32) Pause Young (Normal) (G1 Evacuation Pause)
[2021-10-19T23:03:19.029-0500][gc,task     ] GC(32) Using 4 workers of 4 for evacuation
[2021-10-19T23:03:19.132-0500][gc,mmu      ] GC(32) MMU target violated: 21.0ms (20.0ms/21.0ms)
[2021-10-19T23:03:19.133-0500][gc,phases   ] GC(32)   Pre Evacuate Collection Set: 2.6ms
[2021-10-19T23:03:19.133-0500][gc,phases   ] GC(32)   Merge Heap Roots: 1.8ms
[2021-10-19T23:03:19.133-0500][gc,phases   ] GC(32)   Evacuate Collection Set: 87.1ms
[2021-10-19T23:03:19.133-0500][gc,phases   ] GC(32)   Post Evacuate Collection Set: 7.7ms
[2021-10-19T23:03:19.133-0500][gc,phases   ] GC(32)   Other: 11.9ms
[2021-10-19T23:03:19.133-0500][gc,heap     ] GC(32) Eden regions: 48->0(48)
[2021-10-19T23:03:19.133-0500][gc,heap     ] GC(32) Survivor regions: 3->3(7)
[2021-10-19T23:03:19.134-0500][gc,heap     ] GC(32) Old regions: 18->18
[2021-10-19T23:03:19.134-0500][gc,heap     ] GC(32) Archive regions: 2->2
[2021-10-19T23:03:19.134-0500][gc,heap     ] GC(32) Humongous regions: 129->129
[2021-10-19T23:03:19.134-0500][gc,metaspace] GC(32) Metaspace: 41231K(41856K)->41231K(41856K) NonClass: 36431K(36800K)->36431K(36800K) Class: 4800K(5056K)->4800K(5056K)
[2021-10-19T23:03:19.135-0500][gc          ] GC(32) Pause Young (Normal) (G1 Evacuation Pause) 198M->149M(1024M) 107.817ms
[2021-10-19T23:03:19.135-0500][gc,cpu      ] GC(32) User=0.02s Sys=0.09s Real=0.11s
[2021-10-19T23:10:39.728-0500][gc,heap,exit] Heap
[2021-10-19T23:10:39.729-0500][gc,heap,exit]  garbage-first heap   total 1048576K, used 196292K [0x00000007c0000000, 0x0000000800000000)
[2021-10-19T23:10:39.729-0500][gc,heap,exit]   region size 1024K, 46 young (47104K), 3 survivors (3072K)
[2021-10-19T23:10:39.729-0500][gc,heap,exit]  Metaspace       used 41978K, committed 42624K, reserved 1089536K
[2021-10-19T23:10:39.729-0500][gc,heap,exit]   class space    used 4962K, committed 5248K, reserved 1048576K
