[2021-10-21T00:43:48.347-0500][gc] Using G1
[2021-10-21T00:43:48.357-0500][gc,init] Version: 16.0.2+7-67 (release)
[2021-10-21T00:43:48.357-0500][gc,init] CPUs: 4 total, 4 available
[2021-10-21T00:43:48.357-0500][gc,init] Memory: 8192M
[2021-10-21T00:43:48.357-0500][gc,init] Large Page Support: Disabled
[2021-10-21T00:43:48.357-0500][gc,init] NUMA Support: Disabled
[2021-10-21T00:43:48.357-0500][gc,init] Compressed Oops: Enabled (Zero based)
[2021-10-21T00:43:48.357-0500][gc,init] Heap Region Size: 1M
[2021-10-21T00:43:48.357-0500][gc,init] Heap Min Capacity: 1G
[2021-10-21T00:43:48.357-0500][gc,init] Heap Initial Capacity: 1G
[2021-10-21T00:43:48.357-0500][gc,init] Heap Max Capacity: 1G
[2021-10-21T00:43:48.357-0500][gc,init] Pre-touch: Disabled
[2021-10-21T00:43:48.357-0500][gc,init] Parallel Workers: 4
[2021-10-21T00:43:48.357-0500][gc,init] Concurrent Workers: 1
[2021-10-21T00:43:48.357-0500][gc,init] Concurrent Refinement Workers: 4
[2021-10-21T00:43:48.357-0500][gc,init] Periodic GC: Disabled
[2021-10-21T00:43:48.358-0500][gc,metaspace] CDS archive(s) mapped at: [0x0000000800000000-0x0000000800bb9000-0x0000000800bb9000), size 12292096, SharedBaseAddress: 0x0000000800000000, ArchiveRelocationMode: 0.
[2021-10-21T00:43:48.358-0500][gc,metaspace] Compressed class space mapped at: 0x0000000800c00000-0x0000000840c00000, reserved size: 1073741824
[2021-10-21T00:43:48.358-0500][gc,metaspace] Narrow klass base: 0x0000000800000000, Narrow klass shift: 3, Narrow klass range: 0x100000000
[2021-10-21T00:43:51.606-0500][gc,start    ] GC(0) Pause Young (Normal) (G1 Evacuation Pause)
[2021-10-21T00:43:51.606-0500][gc,task     ] GC(0) Using 4 workers of 4 for evacuation
[2021-10-21T00:43:51.622-0500][gc,phases   ] GC(0)   Pre Evacuate Collection Set: 0.1ms
[2021-10-21T00:43:51.622-0500][gc,phases   ] GC(0)   Merge Heap Roots: 0.0ms
[2021-10-21T00:43:51.622-0500][gc,phases   ] GC(0)   Evacuate Collection Set: 15.0ms
[2021-10-21T00:43:51.622-0500][gc,phases   ] GC(0)   Post Evacuate Collection Set: 0.8ms
[2021-10-21T00:43:51.622-0500][gc,phases   ] GC(0)   Other: 0.6ms
[2021-10-21T00:43:51.622-0500][gc,heap     ] GC(0) Eden regions: 51->0(44)
[2021-10-21T00:43:51.622-0500][gc,heap     ] GC(0) Survivor regions: 0->7(7)
[2021-10-21T00:43:51.622-0500][gc,heap     ] GC(0) Old regions: 0->1
[2021-10-21T00:43:51.622-0500][gc,heap     ] GC(0) Archive regions: 2->2
[2021-10-21T00:43:51.622-0500][gc,heap     ] GC(0) Humongous regions: 0->0
[2021-10-21T00:43:51.623-0500][gc,metaspace] GC(0) Metaspace: 18031K(18240K)->18031K(18240K) NonClass: 15892K(16000K)->15892K(16000K) Class: 2138K(2240K)->2138K(2240K)
[2021-10-21T00:43:51.623-0500][gc          ] GC(0) Pause Young (Normal) (G1 Evacuation Pause) 51M->7M(1024M) 16.974ms
[2021-10-21T00:43:51.623-0500][gc,cpu      ] GC(0) User=0.03s Sys=0.00s Real=0.02s
[2021-10-21T00:43:52.763-0500][gc,start    ] GC(1) Pause Young (Concurrent Start) (Metadata GC Threshold)
[2021-10-21T00:43:52.763-0500][gc,task     ] GC(1) Using 4 workers of 4 for evacuation
[2021-10-21T00:43:52.779-0500][gc,phases   ] GC(1)   Pre Evacuate Collection Set: 0.1ms
[2021-10-21T00:43:52.779-0500][gc,phases   ] GC(1)   Merge Heap Roots: 0.0ms
[2021-10-21T00:43:52.779-0500][gc,phases   ] GC(1)   Evacuate Collection Set: 15.0ms
[2021-10-21T00:43:52.779-0500][gc,phases   ] GC(1)   Post Evacuate Collection Set: 1.1ms
[2021-10-21T00:43:52.779-0500][gc,phases   ] GC(1)   Other: 0.4ms
[2021-10-21T00:43:52.779-0500][gc,heap     ] GC(1) Eden regions: 13->0(49)
[2021-10-21T00:43:52.779-0500][gc,heap     ] GC(1) Survivor regions: 7->2(7)
[2021-10-21T00:43:52.779-0500][gc,heap     ] GC(1) Old regions: 1->7
[2021-10-21T00:43:52.779-0500][gc,heap     ] GC(1) Archive regions: 2->2
[2021-10-21T00:43:52.779-0500][gc,heap     ] GC(1) Humongous regions: 129->129
[2021-10-21T00:43:52.779-0500][gc,metaspace] GC(1) Metaspace: 21009K(21248K)->21009K(21248K) NonClass: 18492K(18624K)->18492K(18624K) Class: 2517K(2624K)->2517K(2624K)
[2021-10-21T00:43:52.779-0500][gc          ] GC(1) Pause Young (Concurrent Start) (Metadata GC Threshold) 149M->138M(1024M) 16.844ms
[2021-10-21T00:43:52.780-0500][gc,cpu      ] GC(1) User=0.02s Sys=0.00s Real=0.02s
[2021-10-21T00:43:52.780-0500][gc          ] GC(2) Concurrent Mark Cycle
[2021-10-21T00:43:52.780-0500][gc,marking  ] GC(2) Concurrent Clear Claimed Marks
[2021-10-21T00:43:52.780-0500][gc,marking  ] GC(2) Concurrent Clear Claimed Marks 0.035ms
[2021-10-21T00:43:52.780-0500][gc,marking  ] GC(2) Concurrent Scan Root Regions
[2021-10-21T00:43:52.787-0500][gc,marking  ] GC(2) Concurrent Scan Root Regions 7.215ms
[2021-10-21T00:43:52.787-0500][gc,marking  ] GC(2) Concurrent Mark
[2021-10-21T00:43:52.787-0500][gc,marking  ] GC(2) Concurrent Mark From Roots
[2021-10-21T00:43:52.787-0500][gc,task     ] GC(2) Using 1 workers of 1 for marking
[2021-10-21T00:43:52.791-0500][gc,marking  ] GC(2) Concurrent Mark From Roots 4.487ms
[2021-10-21T00:43:52.792-0500][gc,marking  ] GC(2) Concurrent Preclean
[2021-10-21T00:43:52.792-0500][gc,marking  ] GC(2) Concurrent Preclean 0.035ms
[2021-10-21T00:43:52.792-0500][gc,start    ] GC(2) Pause Remark
[2021-10-21T00:43:52.794-0500][gc          ] GC(2) Pause Remark 138M->138M(1024M) 2.251ms
[2021-10-21T00:43:52.794-0500][gc,cpu      ] GC(2) User=0.00s Sys=0.00s Real=0.00s
[2021-10-21T00:43:52.794-0500][gc,marking  ] GC(2) Concurrent Mark 7.151ms
[2021-10-21T00:43:52.794-0500][gc,marking  ] GC(2) Concurrent Rebuild Remembered Sets
[2021-10-21T00:43:52.801-0500][gc,marking  ] GC(2) Concurrent Rebuild Remembered Sets 6.790ms
[2021-10-21T00:43:52.801-0500][gc,start    ] GC(2) Pause Cleanup
[2021-10-21T00:43:52.801-0500][gc          ] GC(2) Pause Cleanup 138M->138M(1024M) 0.204ms
[2021-10-21T00:43:52.801-0500][gc,cpu      ] GC(2) User=0.00s Sys=0.00s Real=0.00s
[2021-10-21T00:43:52.801-0500][gc,marking  ] GC(2) Concurrent Cleanup for Next Mark
[2021-10-21T00:43:52.816-0500][gc,marking  ] GC(2) Concurrent Cleanup for Next Mark 14.615ms
[2021-10-21T00:43:52.816-0500][gc          ] GC(2) Concurrent Mark Cycle 36.584ms
[2021-10-21T00:43:55.101-0500][gc,start    ] GC(3) Pause Young (Normal) (G1 Evacuation Pause)
[2021-10-21T00:43:55.101-0500][gc,task     ] GC(3) Using 4 workers of 4 for evacuation
[2021-10-21T00:43:55.108-0500][gc,phases   ] GC(3)   Pre Evacuate Collection Set: 0.1ms
[2021-10-21T00:43:55.108-0500][gc,phases   ] GC(3)   Merge Heap Roots: 0.0ms
[2021-10-21T00:43:55.108-0500][gc,phases   ] GC(3)   Evacuate Collection Set: 5.9ms
[2021-10-21T00:43:55.108-0500][gc,phases   ] GC(3)   Post Evacuate Collection Set: 0.6ms
[2021-10-21T00:43:55.108-0500][gc,phases   ] GC(3)   Other: 0.2ms
[2021-10-21T00:43:55.108-0500][gc,heap     ] GC(3) Eden regions: 49->0(45)
[2021-10-21T00:43:55.108-0500][gc,heap     ] GC(3) Survivor regions: 2->6(7)
[2021-10-21T00:43:55.108-0500][gc,heap     ] GC(3) Old regions: 7->7
[2021-10-21T00:43:55.108-0500][gc,heap     ] GC(3) Archive regions: 2->2
[2021-10-21T00:43:55.108-0500][gc,heap     ] GC(3) Humongous regions: 129->129
[2021-10-21T00:43:55.108-0500][gc,metaspace] GC(3) Metaspace: 32215K(32512K)->32215K(32512K) NonClass: 28637K(28800K)->28637K(28800K) Class: 3578K(3712K)->3578K(3712K)
[2021-10-21T00:43:55.108-0500][gc          ] GC(3) Pause Young (Normal) (G1 Evacuation Pause) 187M->142M(1024M) 7.031ms
[2021-10-21T00:43:55.108-0500][gc,cpu      ] GC(3) User=0.02s Sys=0.00s Real=0.00s
[2021-10-21T00:43:56.341-0500][gc,start    ] GC(4) Pause Young (Concurrent Start) (Metadata GC Threshold)
[2021-10-21T00:43:56.341-0500][gc,task     ] GC(4) Using 4 workers of 4 for evacuation
[2021-10-21T00:43:56.364-0500][gc,mmu      ] GC(4) MMU target violated: 21.0ms (20.0ms/21.0ms)
[2021-10-21T00:43:56.364-0500][gc,phases   ] GC(4)   Pre Evacuate Collection Set: 0.1ms
[2021-10-21T00:43:56.364-0500][gc,phases   ] GC(4)   Merge Heap Roots: 0.1ms
[2021-10-21T00:43:56.364-0500][gc,phases   ] GC(4)   Evacuate Collection Set: 22.5ms
[2021-10-21T00:43:56.365-0500][gc,phases   ] GC(4)   Post Evacuate Collection Set: 0.7ms
[2021-10-21T00:43:56.365-0500][gc,phases   ] GC(4)   Other: 0.5ms
[2021-10-21T00:43:56.365-0500][gc,heap     ] GC(4) Eden regions: 17->0(49)
[2021-10-21T00:43:56.365-0500][gc,heap     ] GC(4) Survivor regions: 6->2(7)
[2021-10-21T00:43:56.365-0500][gc,heap     ] GC(4) Old regions: 7->13
[2021-10-21T00:43:56.365-0500][gc,heap     ] GC(4) Archive regions: 2->2
[2021-10-21T00:43:56.365-0500][gc,heap     ] GC(4) Humongous regions: 129->129
[2021-10-21T00:43:56.365-0500][gc,metaspace] GC(4) Metaspace: 35275K(35648K)->35275K(35648K) NonClass: 31139K(31360K)->31139K(31360K) Class: 4135K(4288K)->4135K(4288K)
[2021-10-21T00:43:56.365-0500][gc          ] GC(4) Pause Young (Concurrent Start) (Metadata GC Threshold) 158M->143M(1024M) 24.368ms
[2021-10-21T00:43:56.365-0500][gc,cpu      ] GC(4) User=0.04s Sys=0.01s Real=0.02s
[2021-10-21T00:43:56.365-0500][gc          ] GC(5) Concurrent Mark Cycle
[2021-10-21T00:43:56.365-0500][gc,marking  ] GC(5) Concurrent Clear Claimed Marks
[2021-10-21T00:43:56.365-0500][gc,marking  ] GC(5) Concurrent Clear Claimed Marks 0.039ms
[2021-10-21T00:43:56.365-0500][gc,marking  ] GC(5) Concurrent Scan Root Regions
[2021-10-21T00:43:56.373-0500][gc,marking  ] GC(5) Concurrent Scan Root Regions 8.016ms
[2021-10-21T00:43:56.373-0500][gc,marking  ] GC(5) Concurrent Mark
[2021-10-21T00:43:56.373-0500][gc,marking  ] GC(5) Concurrent Mark From Roots
[2021-10-21T00:43:56.373-0500][gc,task     ] GC(5) Using 1 workers of 1 for marking
[2021-10-21T00:43:56.393-0500][gc,marking  ] GC(5) Concurrent Mark From Roots 19.451ms
[2021-10-21T00:43:56.395-0500][gc,marking  ] GC(5) Concurrent Preclean
[2021-10-21T00:43:56.395-0500][gc,marking  ] GC(5) Concurrent Preclean 0.151ms
[2021-10-21T00:43:56.395-0500][gc,start    ] GC(5) Pause Remark
[2021-10-21T00:43:56.399-0500][gc          ] GC(5) Pause Remark 144M->144M(1024M) 3.308ms
[2021-10-21T00:43:56.399-0500][gc,cpu      ] GC(5) User=0.01s Sys=0.00s Real=0.00s
[2021-10-21T00:43:56.409-0500][gc,marking  ] GC(5) Concurrent Mark 35.480ms
[2021-10-21T00:43:56.409-0500][gc,marking  ] GC(5) Concurrent Rebuild Remembered Sets
[2021-10-21T00:43:56.451-0500][gc,marking  ] GC(5) Concurrent Rebuild Remembered Sets 42.555ms
[2021-10-21T00:43:56.452-0500][gc,start    ] GC(5) Pause Cleanup
[2021-10-21T00:43:56.452-0500][gc          ] GC(5) Pause Cleanup 146M->146M(1024M) 0.392ms
[2021-10-21T00:43:56.452-0500][gc,cpu      ] GC(5) User=0.00s Sys=0.00s Real=0.00s
[2021-10-21T00:43:56.463-0500][gc,marking  ] GC(5) Concurrent Cleanup for Next Mark
[2021-10-21T00:43:56.488-0500][gc,marking  ] GC(5) Concurrent Cleanup for Next Mark 25.465ms
[2021-10-21T00:43:56.490-0500][gc          ] GC(5) Concurrent Mark Cycle 124.414ms
[2021-10-21T00:45:44.890-0500][gc,start    ] GC(6) Pause Young (Normal) (G1 Evacuation Pause)
[2021-10-21T00:45:44.890-0500][gc,task     ] GC(6) Using 4 workers of 4 for evacuation
[2021-10-21T00:45:44.975-0500][gc,mmu      ] GC(6) MMU target violated: 21.0ms (20.0ms/21.0ms)
[2021-10-21T00:45:44.975-0500][gc,phases   ] GC(6)   Pre Evacuate Collection Set: 2.4ms
[2021-10-21T00:45:44.975-0500][gc,phases   ] GC(6)   Merge Heap Roots: 0.3ms
[2021-10-21T00:45:44.975-0500][gc,phases   ] GC(6)   Evacuate Collection Set: 80.4ms
[2021-10-21T00:45:44.975-0500][gc,phases   ] GC(6)   Post Evacuate Collection Set: 1.3ms
[2021-10-21T00:45:44.975-0500][gc,phases   ] GC(6)   Other: 1.1ms
[2021-10-21T00:45:44.975-0500][gc,heap     ] GC(6) Eden regions: 49->0(46)
[2021-10-21T00:45:44.975-0500][gc,heap     ] GC(6) Survivor regions: 2->5(7)
[2021-10-21T00:45:44.975-0500][gc,heap     ] GC(6) Old regions: 13->13
[2021-10-21T00:45:44.975-0500][gc,heap     ] GC(6) Archive regions: 2->2
[2021-10-21T00:45:44.975-0500][gc,heap     ] GC(6) Humongous regions: 129->129
[2021-10-21T00:45:44.975-0500][gc,metaspace] GC(6) Metaspace: 40617K(41280K)->40617K(41280K) NonClass: 35772K(36160K)->35772K(36160K) Class: 4844K(5120K)->4844K(5120K)
[2021-10-21T00:45:44.975-0500][gc          ] GC(6) Pause Young (Normal) (G1 Evacuation Pause) 192M->146M(1024M) 85.642ms
[2021-10-21T00:45:44.975-0500][gc,cpu      ] GC(6) User=0.05s Sys=0.18s Real=0.08s
[2021-10-21T00:54:30.509-0500][gc,start    ] GC(7) Pause Young (Normal) (G1 Evacuation Pause)
[2021-10-21T00:54:30.510-0500][gc,task     ] GC(7) Using 4 workers of 4 for evacuation
[2021-10-21T00:54:30.597-0500][gc,mmu      ] GC(7) MMU target violated: 21.0ms (20.0ms/21.0ms)
[2021-10-21T00:54:30.597-0500][gc,phases   ] GC(7)   Pre Evacuate Collection Set: 2.0ms
[2021-10-21T00:54:30.597-0500][gc,phases   ] GC(7)   Merge Heap Roots: 0.3ms
[2021-10-21T00:54:30.597-0500][gc,phases   ] GC(7)   Evacuate Collection Set: 80.7ms
[2021-10-21T00:54:30.597-0500][gc,phases   ] GC(7)   Post Evacuate Collection Set: 3.1ms
[2021-10-21T00:54:30.597-0500][gc,phases   ] GC(7)   Other: 4.4ms
[2021-10-21T00:54:30.597-0500][gc,heap     ] GC(7) Eden regions: 46->0(46)
[2021-10-21T00:54:30.597-0500][gc,heap     ] GC(7) Survivor regions: 5->5(7)
[2021-10-21T00:54:30.597-0500][gc,heap     ] GC(7) Old regions: 13->14
[2021-10-21T00:54:30.597-0500][gc,heap     ] GC(7) Archive regions: 2->2
[2021-10-21T00:54:30.597-0500][gc,heap     ] GC(7) Humongous regions: 129->129
[2021-10-21T00:54:30.597-0500][gc,metaspace] GC(7) Metaspace: 41068K(41728K)->41068K(41728K) NonClass: 36182K(36544K)->36182K(36544K) Class: 4885K(5184K)->4885K(5184K)
[2021-10-21T00:54:30.597-0500][gc          ] GC(7) Pause Young (Normal) (G1 Evacuation Pause) 192M->147M(1024M) 88.568ms
[2021-10-21T00:54:30.597-0500][gc,cpu      ] GC(7) User=0.04s Sys=0.11s Real=0.09s
[2021-10-21T01:10:52.237-0500][gc,start    ] GC(8) Pause Young (Normal) (G1 Evacuation Pause)
[2021-10-21T01:10:52.238-0500][gc,task     ] GC(8) Using 4 workers of 4 for evacuation
[2021-10-21T01:10:52.354-0500][gc,mmu      ] GC(8) MMU target violated: 21.0ms (20.0ms/21.0ms)
[2021-10-21T01:10:52.354-0500][gc,phases   ] GC(8)   Pre Evacuate Collection Set: 1.8ms
[2021-10-21T01:10:52.354-0500][gc,phases   ] GC(8)   Merge Heap Roots: 0.4ms
[2021-10-21T01:10:52.354-0500][gc,phases   ] GC(8)   Evacuate Collection Set: 110.8ms
[2021-10-21T01:10:52.354-0500][gc,phases   ] GC(8)   Post Evacuate Collection Set: 2.4ms
[2021-10-21T01:10:52.354-0500][gc,phases   ] GC(8)   Other: 1.6ms
[2021-10-21T01:10:52.354-0500][gc,heap     ] GC(8) Eden regions: 46->0(47)
[2021-10-21T01:10:52.354-0500][gc,heap     ] GC(8) Survivor regions: 5->4(7)
[2021-10-21T01:10:52.354-0500][gc,heap     ] GC(8) Old regions: 14->16
[2021-10-21T01:10:52.354-0500][gc,heap     ] GC(8) Archive regions: 2->2
[2021-10-21T01:10:52.354-0500][gc,heap     ] GC(8) Humongous regions: 129->129
[2021-10-21T01:10:52.354-0500][gc,metaspace] GC(8) Metaspace: 41199K(41856K)->41199K(41856K) NonClass: 36307K(36672K)->36307K(36672K) Class: 4891K(5184K)->4891K(5184K)
[2021-10-21T01:10:52.354-0500][gc          ] GC(8) Pause Young (Normal) (G1 Evacuation Pause) 193M->148M(1024M) 117.294ms
[2021-10-21T01:10:52.354-0500][gc,cpu      ] GC(8) User=0.05s Sys=0.15s Real=0.12s
[2021-10-21T01:21:14.010-0500][gc,heap,exit] Heap
[2021-10-21T01:21:14.010-0500][gc,heap,exit]  garbage-first heap   total 1048576K, used 176385K [0x00000007c0000000, 0x0000000800000000)
[2021-10-21T01:21:14.010-0500][gc,heap,exit]   region size 1024K, 28 young (28672K), 4 survivors (4096K)
[2021-10-21T01:21:14.010-0500][gc,heap,exit]  Metaspace       used 41907K, committed 42560K, reserved 1089536K
[2021-10-21T01:21:14.010-0500][gc,heap,exit]   class space    used 5045K, committed 5312K, reserved 1048576K
