[2021-10-21T21:19:57.986-0500][gc] Using G1
[2021-10-21T21:19:57.998-0500][gc,init] Version: 16.0.2+7-67 (release)
[2021-10-21T21:19:57.998-0500][gc,init] CPUs: 4 total, 4 available
[2021-10-21T21:19:57.998-0500][gc,init] Memory: 8192M
[2021-10-21T21:19:57.998-0500][gc,init] Large Page Support: Disabled
[2021-10-21T21:19:57.999-0500][gc,init] NUMA Support: Disabled
[2021-10-21T21:19:57.999-0500][gc,init] Compressed Oops: Enabled (Zero based)
[2021-10-21T21:19:57.999-0500][gc,init] Heap Region Size: 1M
[2021-10-21T21:19:57.999-0500][gc,init] Heap Min Capacity: 1G
[2021-10-21T21:19:57.999-0500][gc,init] Heap Initial Capacity: 1G
[2021-10-21T21:19:57.999-0500][gc,init] Heap Max Capacity: 1G
[2021-10-21T21:19:57.999-0500][gc,init] Pre-touch: Disabled
[2021-10-21T21:19:57.999-0500][gc,init] Parallel Workers: 4
[2021-10-21T21:19:57.999-0500][gc,init] Concurrent Workers: 1
[2021-10-21T21:19:57.999-0500][gc,init] Concurrent Refinement Workers: 4
[2021-10-21T21:19:57.999-0500][gc,init] Periodic GC: Disabled
[2021-10-21T21:19:57.999-0500][gc,metaspace] CDS archive(s) mapped at: [0x0000000800000000-0x0000000800bb9000-0x0000000800bb9000), size 12292096, SharedBaseAddress: 0x0000000800000000, ArchiveRelocationMode: 0.
[2021-10-21T21:19:57.999-0500][gc,metaspace] Compressed class space mapped at: 0x0000000800c00000-0x0000000840c00000, reserved size: 1073741824
[2021-10-21T21:19:57.999-0500][gc,metaspace] Narrow klass base: 0x0000000800000000, Narrow klass shift: 3, Narrow klass range: 0x100000000
[2021-10-21T21:20:01.147-0500][gc,start    ] GC(0) Pause Young (Normal) (G1 Evacuation Pause)
[2021-10-21T21:20:01.148-0500][gc,task     ] GC(0) Using 4 workers of 4 for evacuation
[2021-10-21T21:20:01.158-0500][gc,phases   ] GC(0)   Pre Evacuate Collection Set: 0.1ms
[2021-10-21T21:20:01.158-0500][gc,phases   ] GC(0)   Merge Heap Roots: 0.1ms
[2021-10-21T21:20:01.158-0500][gc,phases   ] GC(0)   Evacuate Collection Set: 9.3ms
[2021-10-21T21:20:01.158-0500][gc,phases   ] GC(0)   Post Evacuate Collection Set: 0.7ms
[2021-10-21T21:20:01.158-0500][gc,phases   ] GC(0)   Other: 0.5ms
[2021-10-21T21:20:01.158-0500][gc,heap     ] GC(0) Eden regions: 51->0(44)
[2021-10-21T21:20:01.158-0500][gc,heap     ] GC(0) Survivor regions: 0->7(7)
[2021-10-21T21:20:01.158-0500][gc,heap     ] GC(0) Old regions: 0->0
[2021-10-21T21:20:01.158-0500][gc,heap     ] GC(0) Archive regions: 2->2
[2021-10-21T21:20:01.158-0500][gc,heap     ] GC(0) Humongous regions: 0->0
[2021-10-21T21:20:01.158-0500][gc,metaspace] GC(0) Metaspace: 18029K(18240K)->18029K(18240K) NonClass: 15891K(16000K)->15891K(16000K) Class: 2138K(2240K)->2138K(2240K)
[2021-10-21T21:20:01.158-0500][gc          ] GC(0) Pause Young (Normal) (G1 Evacuation Pause) 51M->7M(1024M) 10.890ms
[2021-10-21T21:20:01.158-0500][gc,cpu      ] GC(0) User=0.03s Sys=0.00s Real=0.01s
[2021-10-21T21:20:01.961-0500][gc,start    ] GC(1) Pause Young (Concurrent Start) (Metadata GC Threshold)
[2021-10-21T21:20:01.961-0500][gc,task     ] GC(1) Using 4 workers of 4 for evacuation
[2021-10-21T21:20:01.974-0500][gc,phases   ] GC(1)   Pre Evacuate Collection Set: 0.1ms
[2021-10-21T21:20:01.974-0500][gc,phases   ] GC(1)   Merge Heap Roots: 0.0ms
[2021-10-21T21:20:01.974-0500][gc,phases   ] GC(1)   Evacuate Collection Set: 11.7ms
[2021-10-21T21:20:01.974-0500][gc,phases   ] GC(1)   Post Evacuate Collection Set: 0.6ms
[2021-10-21T21:20:01.974-0500][gc,phases   ] GC(1)   Other: 0.3ms
[2021-10-21T21:20:01.974-0500][gc,heap     ] GC(1) Eden regions: 13->0(49)
[2021-10-21T21:20:01.974-0500][gc,heap     ] GC(1) Survivor regions: 7->2(7)
[2021-10-21T21:20:01.974-0500][gc,heap     ] GC(1) Old regions: 0->7
[2021-10-21T21:20:01.974-0500][gc,heap     ] GC(1) Archive regions: 2->2
[2021-10-21T21:20:01.974-0500][gc,heap     ] GC(1) Humongous regions: 129->129
[2021-10-21T21:20:01.974-0500][gc,metaspace] GC(1) Metaspace: 21009K(21248K)->21009K(21248K) NonClass: 18492K(18624K)->18492K(18624K) Class: 2517K(2624K)->2517K(2624K)
[2021-10-21T21:20:01.974-0500][gc          ] GC(1) Pause Young (Concurrent Start) (Metadata GC Threshold) 149M->138M(1024M) 12.967ms
[2021-10-21T21:20:01.974-0500][gc,cpu      ] GC(1) User=0.03s Sys=0.01s Real=0.01s
[2021-10-21T21:20:01.974-0500][gc          ] GC(2) Concurrent Mark Cycle
[2021-10-21T21:20:01.974-0500][gc,marking  ] GC(2) Concurrent Clear Claimed Marks
[2021-10-21T21:20:01.974-0500][gc,marking  ] GC(2) Concurrent Clear Claimed Marks 0.027ms
[2021-10-21T21:20:01.974-0500][gc,marking  ] GC(2) Concurrent Scan Root Regions
[2021-10-21T21:20:01.982-0500][gc,marking  ] GC(2) Concurrent Scan Root Regions 7.482ms
[2021-10-21T21:20:01.982-0500][gc,marking  ] GC(2) Concurrent Mark
[2021-10-21T21:20:01.982-0500][gc,marking  ] GC(2) Concurrent Mark From Roots
[2021-10-21T21:20:01.982-0500][gc,task     ] GC(2) Using 1 workers of 1 for marking
[2021-10-21T21:20:01.988-0500][gc,marking  ] GC(2) Concurrent Mark From Roots 5.728ms
[2021-10-21T21:20:01.988-0500][gc,marking  ] GC(2) Concurrent Preclean
[2021-10-21T21:20:01.988-0500][gc,marking  ] GC(2) Concurrent Preclean 0.051ms
[2021-10-21T21:20:01.988-0500][gc,start    ] GC(2) Pause Remark
[2021-10-21T21:20:01.989-0500][gc          ] GC(2) Pause Remark 138M->138M(1024M) 1.650ms
[2021-10-21T21:20:01.990-0500][gc,cpu      ] GC(2) User=0.00s Sys=0.00s Real=0.01s
[2021-10-21T21:20:01.990-0500][gc,marking  ] GC(2) Concurrent Mark 7.791ms
[2021-10-21T21:20:01.990-0500][gc,marking  ] GC(2) Concurrent Rebuild Remembered Sets
[2021-10-21T21:20:01.996-0500][gc,marking  ] GC(2) Concurrent Rebuild Remembered Sets 6.219ms
[2021-10-21T21:20:01.996-0500][gc,start    ] GC(2) Pause Cleanup
[2021-10-21T21:20:01.996-0500][gc          ] GC(2) Pause Cleanup 138M->138M(1024M) 0.227ms
[2021-10-21T21:20:01.996-0500][gc,cpu      ] GC(2) User=0.00s Sys=0.00s Real=0.00s
[2021-10-21T21:20:01.996-0500][gc,marking  ] GC(2) Concurrent Cleanup for Next Mark
[2021-10-21T21:20:02.009-0500][gc,marking  ] GC(2) Concurrent Cleanup for Next Mark 12.573ms
[2021-10-21T21:20:02.009-0500][gc          ] GC(2) Concurrent Mark Cycle 34.939ms
[2021-10-21T21:20:04.125-0500][gc,start    ] GC(3) Pause Young (Normal) (G1 Evacuation Pause)
[2021-10-21T21:20:04.125-0500][gc,task     ] GC(3) Using 4 workers of 4 for evacuation
[2021-10-21T21:20:04.138-0500][gc,phases   ] GC(3)   Pre Evacuate Collection Set: 0.2ms
[2021-10-21T21:20:04.138-0500][gc,phases   ] GC(3)   Merge Heap Roots: 0.1ms
[2021-10-21T21:20:04.138-0500][gc,phases   ] GC(3)   Evacuate Collection Set: 11.6ms
[2021-10-21T21:20:04.138-0500][gc,phases   ] GC(3)   Post Evacuate Collection Set: 1.0ms
[2021-10-21T21:20:04.138-0500][gc,phases   ] GC(3)   Other: 0.2ms
[2021-10-21T21:20:04.138-0500][gc,heap     ] GC(3) Eden regions: 49->0(45)
[2021-10-21T21:20:04.138-0500][gc,heap     ] GC(3) Survivor regions: 2->6(7)
[2021-10-21T21:20:04.138-0500][gc,heap     ] GC(3) Old regions: 7->7
[2021-10-21T21:20:04.138-0500][gc,heap     ] GC(3) Archive regions: 2->2
[2021-10-21T21:20:04.138-0500][gc,heap     ] GC(3) Humongous regions: 129->129
[2021-10-21T21:20:04.138-0500][gc,metaspace] GC(3) Metaspace: 32129K(32448K)->32129K(32448K) NonClass: 28568K(28736K)->28568K(28736K) Class: 3561K(3712K)->3561K(3712K)
[2021-10-21T21:20:04.138-0500][gc          ] GC(3) Pause Young (Normal) (G1 Evacuation Pause) 187M->141M(1024M) 13.274ms
[2021-10-21T21:20:04.138-0500][gc,cpu      ] GC(3) User=0.03s Sys=0.00s Real=0.01s
[2021-10-21T21:20:04.986-0500][gc,start    ] GC(4) Pause Young (Concurrent Start) (Metadata GC Threshold)
[2021-10-21T21:20:04.986-0500][gc,task     ] GC(4) Using 4 workers of 4 for evacuation
[2021-10-21T21:20:05.009-0500][gc,mmu      ] GC(4) MMU target violated: 21.0ms (20.0ms/21.0ms)
[2021-10-21T21:20:05.009-0500][gc,phases   ] GC(4)   Pre Evacuate Collection Set: 0.1ms
[2021-10-21T21:20:05.009-0500][gc,phases   ] GC(4)   Merge Heap Roots: 0.0ms
[2021-10-21T21:20:05.009-0500][gc,phases   ] GC(4)   Evacuate Collection Set: 22.4ms
[2021-10-21T21:20:05.009-0500][gc,phases   ] GC(4)   Post Evacuate Collection Set: 0.6ms
[2021-10-21T21:20:05.009-0500][gc,phases   ] GC(4)   Other: 0.3ms
[2021-10-21T21:20:05.010-0500][gc,heap     ] GC(4) Eden regions: 16->0(49)
[2021-10-21T21:20:05.010-0500][gc,heap     ] GC(4) Survivor regions: 6->2(7)
[2021-10-21T21:20:05.010-0500][gc,heap     ] GC(4) Old regions: 7->12
[2021-10-21T21:20:05.010-0500][gc,heap     ] GC(4) Archive regions: 2->2
[2021-10-21T21:20:05.010-0500][gc,heap     ] GC(4) Humongous regions: 129->129
[2021-10-21T21:20:05.010-0500][gc,metaspace] GC(4) Metaspace: 35273K(35648K)->35273K(35648K) NonClass: 31170K(31360K)->31170K(31360K) Class: 4103K(4288K)->4103K(4288K)
[2021-10-21T21:20:05.010-0500][gc          ] GC(4) Pause Young (Concurrent Start) (Metadata GC Threshold) 157M->143M(1024M) 23.670ms
[2021-10-21T21:20:05.010-0500][gc,cpu      ] GC(4) User=0.04s Sys=0.01s Real=0.03s
[2021-10-21T21:20:05.010-0500][gc          ] GC(5) Concurrent Mark Cycle
[2021-10-21T21:20:05.010-0500][gc,marking  ] GC(5) Concurrent Clear Claimed Marks
[2021-10-21T21:20:05.010-0500][gc,marking  ] GC(5) Concurrent Clear Claimed Marks 0.042ms
[2021-10-21T21:20:05.010-0500][gc,marking  ] GC(5) Concurrent Scan Root Regions
[2021-10-21T21:20:05.019-0500][gc,marking  ] GC(5) Concurrent Scan Root Regions 8.649ms
[2021-10-21T21:20:05.019-0500][gc,marking  ] GC(5) Concurrent Mark
[2021-10-21T21:20:05.019-0500][gc,marking  ] GC(5) Concurrent Mark From Roots
[2021-10-21T21:20:05.019-0500][gc,task     ] GC(5) Using 1 workers of 1 for marking
[2021-10-21T21:20:05.040-0500][gc,marking  ] GC(5) Concurrent Mark From Roots 20.909ms
[2021-10-21T21:20:05.040-0500][gc,marking  ] GC(5) Concurrent Preclean
[2021-10-21T21:20:05.040-0500][gc,marking  ] GC(5) Concurrent Preclean 0.103ms
[2021-10-21T21:20:05.043-0500][gc,start    ] GC(5) Pause Remark
[2021-10-21T21:20:05.055-0500][gc          ] GC(5) Pause Remark 144M->144M(1024M) 12.068ms
[2021-10-21T21:20:05.055-0500][gc,cpu      ] GC(5) User=0.01s Sys=0.00s Real=0.01s
[2021-10-21T21:20:05.066-0500][gc,marking  ] GC(5) Concurrent Mark 46.943ms
[2021-10-21T21:20:05.069-0500][gc,marking  ] GC(5) Concurrent Rebuild Remembered Sets
[2021-10-21T21:20:05.086-0500][gc,marking  ] GC(5) Concurrent Rebuild Remembered Sets 17.175ms
[2021-10-21T21:20:05.087-0500][gc,start    ] GC(5) Pause Cleanup
[2021-10-21T21:20:05.088-0500][gc          ] GC(5) Pause Cleanup 144M->144M(1024M) 0.216ms
[2021-10-21T21:20:05.088-0500][gc,cpu      ] GC(5) User=0.00s Sys=0.00s Real=0.00s
[2021-10-21T21:20:05.088-0500][gc,marking  ] GC(5) Concurrent Cleanup for Next Mark
[2021-10-21T21:20:05.104-0500][gc,marking  ] GC(5) Concurrent Cleanup for Next Mark 16.201ms
[2021-10-21T21:20:05.105-0500][gc          ] GC(5) Concurrent Mark Cycle 94.817ms
[2021-10-21T21:22:45.088-0500][gc,start    ] GC(6) Pause Young (Normal) (G1 Evacuation Pause)
[2021-10-21T21:22:45.089-0500][gc,task     ] GC(6) Using 4 workers of 4 for evacuation
[2021-10-21T21:22:45.293-0500][gc,mmu      ] GC(6) MMU target violated: 21.0ms (20.0ms/21.0ms)
[2021-10-21T21:22:45.293-0500][gc,phases   ] GC(6)   Pre Evacuate Collection Set: 2.1ms
[2021-10-21T21:22:45.293-0500][gc,phases   ] GC(6)   Merge Heap Roots: 0.7ms
[2021-10-21T21:22:45.293-0500][gc,phases   ] GC(6)   Evacuate Collection Set: 194.6ms
[2021-10-21T21:22:45.293-0500][gc,phases   ] GC(6)   Post Evacuate Collection Set: 5.9ms
[2021-10-21T21:22:45.293-0500][gc,phases   ] GC(6)   Other: 1.6ms
[2021-10-21T21:22:45.293-0500][gc,heap     ] GC(6) Eden regions: 49->0(46)
[2021-10-21T21:22:45.293-0500][gc,heap     ] GC(6) Survivor regions: 2->5(7)
[2021-10-21T21:22:45.293-0500][gc,heap     ] GC(6) Old regions: 12->12
[2021-10-21T21:22:45.293-0500][gc,heap     ] GC(6) Archive regions: 2->2
[2021-10-21T21:22:45.293-0500][gc,heap     ] GC(6) Humongous regions: 129->129
[2021-10-21T21:22:45.293-0500][gc,metaspace] GC(6) Metaspace: 40255K(40832K)->40255K(40832K) NonClass: 35536K(35840K)->35536K(35840K) Class: 4718K(4992K)->4718K(4992K)
[2021-10-21T21:22:45.293-0500][gc          ] GC(6) Pause Young (Normal) (G1 Evacuation Pause) 192M->146M(1024M) 205.259ms
[2021-10-21T21:22:45.293-0500][gc,cpu      ] GC(6) User=0.04s Sys=0.11s Real=0.21s
[2021-10-21T21:31:23.474-0500][gc,start    ] GC(7) Pause Young (Normal) (G1 Evacuation Pause)
[2021-10-21T21:31:23.483-0500][gc,task     ] GC(7) Using 4 workers of 4 for evacuation
[2021-10-21T21:31:23.576-0500][gc,mmu      ] GC(7) MMU target violated: 21.0ms (20.0ms/21.0ms)
[2021-10-21T21:31:23.576-0500][gc,phases   ] GC(7)   Pre Evacuate Collection Set: 7.0ms
[2021-10-21T21:31:23.576-0500][gc,phases   ] GC(7)   Merge Heap Roots: 0.2ms
[2021-10-21T21:31:23.576-0500][gc,phases   ] GC(7)   Evacuate Collection Set: 83.4ms
[2021-10-21T21:31:23.576-0500][gc,phases   ] GC(7)   Post Evacuate Collection Set: 1.9ms
[2021-10-21T21:31:23.576-0500][gc,phases   ] GC(7)   Other: 11.4ms
[2021-10-21T21:31:23.576-0500][gc,heap     ] GC(7) Eden regions: 46->0(48)
[2021-10-21T21:31:23.576-0500][gc,heap     ] GC(7) Survivor regions: 5->3(7)
[2021-10-21T21:31:23.576-0500][gc,heap     ] GC(7) Old regions: 12->15
[2021-10-21T21:31:23.576-0500][gc,heap     ] GC(7) Archive regions: 2->2
[2021-10-21T21:31:23.576-0500][gc,heap     ] GC(7) Humongous regions: 129->129
[2021-10-21T21:31:23.576-0500][gc,metaspace] GC(7) Metaspace: 40612K(41216K)->40612K(41216K) NonClass: 35854K(36160K)->35854K(36160K) Class: 4758K(5056K)->4758K(5056K)
[2021-10-21T21:31:23.577-0500][gc          ] GC(7) Pause Young (Normal) (G1 Evacuation Pause) 192M->147M(1024M) 103.231ms
[2021-10-21T21:31:23.578-0500][gc,cpu      ] GC(7) User=0.04s Sys=0.10s Real=0.10s
[2021-10-21T21:40:17.862-0500][gc,start    ] GC(8) Pause Young (Normal) (G1 Evacuation Pause)
[2021-10-21T21:40:17.864-0500][gc,task     ] GC(8) Using 4 workers of 4 for evacuation
[2021-10-21T21:40:18.015-0500][gc,mmu      ] GC(8) MMU target violated: 21.0ms (20.0ms/21.0ms)
[2021-10-21T21:40:18.015-0500][gc,phases   ] GC(8)   Pre Evacuate Collection Set: 1.3ms
[2021-10-21T21:40:18.015-0500][gc,phases   ] GC(8)   Merge Heap Roots: 0.1ms
[2021-10-21T21:40:18.015-0500][gc,phases   ] GC(8)   Evacuate Collection Set: 148.5ms
[2021-10-21T21:40:18.015-0500][gc,phases   ] GC(8)   Post Evacuate Collection Set: 1.6ms
[2021-10-21T21:40:18.016-0500][gc,phases   ] GC(8)   Other: 1.7ms
[2021-10-21T21:40:18.016-0500][gc,heap     ] GC(8) Eden regions: 48->0(46)
[2021-10-21T21:40:18.016-0500][gc,heap     ] GC(8) Survivor regions: 3->5(7)
[2021-10-21T21:40:18.016-0500][gc,heap     ] GC(8) Old regions: 15->15
[2021-10-21T21:40:18.016-0500][gc,heap     ] GC(8) Archive regions: 2->2
[2021-10-21T21:40:18.016-0500][gc,heap     ] GC(8) Humongous regions: 129->129
[2021-10-21T21:40:18.016-0500][gc,metaspace] GC(8) Metaspace: 40984K(41600K)->40984K(41600K) NonClass: 36160K(36480K)->36160K(36480K) Class: 4824K(5120K)->4824K(5120K)
[2021-10-21T21:40:18.016-0500][gc          ] GC(8) Pause Young (Normal) (G1 Evacuation Pause) 195M->149M(1024M) 153.553ms
[2021-10-21T21:40:18.016-0500][gc,cpu      ] GC(8) User=0.04s Sys=0.12s Real=0.15s
[2021-10-21T21:49:47.748-0500][gc,start    ] GC(9) Pause Young (Normal) (G1 Evacuation Pause)
[2021-10-21T21:49:47.749-0500][gc,task     ] GC(9) Using 4 workers of 4 for evacuation
[2021-10-21T21:49:47.792-0500][gc,mmu      ] GC(9) MMU target violated: 21.0ms (20.0ms/21.0ms)
[2021-10-21T21:49:47.792-0500][gc,phases   ] GC(9)   Pre Evacuate Collection Set: 1.3ms
[2021-10-21T21:49:47.792-0500][gc,phases   ] GC(9)   Merge Heap Roots: 0.2ms
[2021-10-21T21:49:47.792-0500][gc,phases   ] GC(9)   Evacuate Collection Set: 39.9ms
[2021-10-21T21:49:47.792-0500][gc,phases   ] GC(9)   Post Evacuate Collection Set: 1.2ms
[2021-10-21T21:49:47.792-0500][gc,phases   ] GC(9)   Other: 1.9ms
[2021-10-21T21:49:47.792-0500][gc,heap     ] GC(9) Eden regions: 46->0(44)
[2021-10-21T21:49:47.792-0500][gc,heap     ] GC(9) Survivor regions: 5->7(7)
[2021-10-21T21:49:47.792-0500][gc,heap     ] GC(9) Old regions: 15->16
[2021-10-21T21:49:47.792-0500][gc,heap     ] GC(9) Archive regions: 2->2
[2021-10-21T21:49:47.792-0500][gc,heap     ] GC(9) Humongous regions: 129->129
[2021-10-21T21:49:47.792-0500][gc,metaspace] GC(9) Metaspace: 41011K(41664K)->41011K(41664K) NonClass: 36187K(36544K)->36187K(36544K) Class: 4824K(5120K)->4824K(5120K)
[2021-10-21T21:49:47.794-0500][gc          ] GC(9) Pause Young (Normal) (G1 Evacuation Pause) 195M->152M(1024M) 45.974ms
[2021-10-21T21:49:47.794-0500][gc,cpu      ] GC(9) User=0.04s Sys=0.07s Real=0.05s
[2021-10-21T21:59:22.185-0500][gc,start    ] GC(10) Pause Young (Normal) (G1 Evacuation Pause)
[2021-10-21T21:59:22.186-0500][gc,task     ] GC(10) Using 4 workers of 4 for evacuation
[2021-10-21T21:59:22.260-0500][gc,mmu      ] GC(10) MMU target violated: 21.0ms (20.0ms/21.0ms)
[2021-10-21T21:59:22.260-0500][gc,phases   ] GC(10)   Pre Evacuate Collection Set: 1.3ms
[2021-10-21T21:59:22.260-0500][gc,phases   ] GC(10)   Merge Heap Roots: 2.4ms
[2021-10-21T21:59:22.260-0500][gc,phases   ] GC(10)   Evacuate Collection Set: 66.1ms
[2021-10-21T21:59:22.261-0500][gc,phases   ] GC(10)   Post Evacuate Collection Set: 2.4ms
[2021-10-21T21:59:22.261-0500][gc,phases   ] GC(10)   Other: 3.5ms
[2021-10-21T21:59:22.261-0500][gc,heap     ] GC(10) Eden regions: 44->0(47)
[2021-10-21T21:59:22.261-0500][gc,heap     ] GC(10) Survivor regions: 7->4(7)
[2021-10-21T21:59:22.261-0500][gc,heap     ] GC(10) Old regions: 16->22
[2021-10-21T21:59:22.261-0500][gc,heap     ] GC(10) Archive regions: 2->2
[2021-10-21T21:59:22.261-0500][gc,heap     ] GC(10) Humongous regions: 129->129
[2021-10-21T21:59:22.261-0500][gc,metaspace] GC(10) Metaspace: 41096K(41728K)->41096K(41728K) NonClass: 36272K(36608K)->36272K(36608K) Class: 4824K(5120K)->4824K(5120K)
[2021-10-21T21:59:22.261-0500][gc          ] GC(10) Pause Young (Normal) (G1 Evacuation Pause) 196M->154M(1024M) 76.092ms
[2021-10-21T21:59:22.261-0500][gc,cpu      ] GC(10) User=0.05s Sys=0.08s Real=0.08s
[2021-10-21T22:09:41.530-0500][gc,start    ] GC(11) Pause Young (Normal) (G1 Evacuation Pause)
[2021-10-21T22:09:41.532-0500][gc,task     ] GC(11) Using 4 workers of 4 for evacuation
[2021-10-21T22:09:41.578-0500][gc,mmu      ] GC(11) MMU target violated: 21.0ms (20.0ms/21.0ms)
[2021-10-21T22:09:41.578-0500][gc,phases   ] GC(11)   Pre Evacuate Collection Set: 1.7ms
[2021-10-21T22:09:41.578-0500][gc,phases   ] GC(11)   Merge Heap Roots: 0.3ms
[2021-10-21T22:09:41.578-0500][gc,phases   ] GC(11)   Evacuate Collection Set: 43.0ms
[2021-10-21T22:09:41.578-0500][gc,phases   ] GC(11)   Post Evacuate Collection Set: 1.2ms
[2021-10-21T22:09:41.578-0500][gc,phases   ] GC(11)   Other: 1.5ms
[2021-10-21T22:09:41.578-0500][gc,heap     ] GC(11) Eden regions: 47->0(44)
[2021-10-21T22:09:41.578-0500][gc,heap     ] GC(11) Survivor regions: 4->7(7)
[2021-10-21T22:09:41.578-0500][gc,heap     ] GC(11) Old regions: 22->22
[2021-10-21T22:09:41.578-0500][gc,heap     ] GC(11) Archive regions: 2->2
[2021-10-21T22:09:41.578-0500][gc,heap     ] GC(11) Humongous regions: 129->129
[2021-10-21T22:09:41.578-0500][gc,metaspace] GC(11) Metaspace: 41163K(41792K)->41163K(41792K) NonClass: 36339K(36672K)->36339K(36672K) Class: 4824K(5120K)->4824K(5120K)
[2021-10-21T22:09:41.578-0500][gc          ] GC(11) Pause Young (Normal) (G1 Evacuation Pause) 201M->158M(1024M) 47.756ms
[2021-10-21T22:09:41.578-0500][gc,cpu      ] GC(11) User=0.04s Sys=0.07s Real=0.04s
[2021-10-21T22:26:54.869-0500][gc,start    ] GC(12) Pause Young (Normal) (G1 Evacuation Pause)
[2021-10-21T22:26:54.870-0500][gc,task     ] GC(12) Using 4 workers of 4 for evacuation
[2021-10-21T22:26:54.954-0500][gc,mmu      ] GC(12) MMU target violated: 21.0ms (20.0ms/21.0ms)
[2021-10-21T22:26:54.955-0500][gc,phases   ] GC(12)   Pre Evacuate Collection Set: 2.9ms
[2021-10-21T22:26:54.955-0500][gc,phases   ] GC(12)   Merge Heap Roots: 1.7ms
[2021-10-21T22:26:54.955-0500][gc,phases   ] GC(12)   Evacuate Collection Set: 72.3ms
[2021-10-21T22:26:54.955-0500][gc,phases   ] GC(12)   Post Evacuate Collection Set: 3.8ms
[2021-10-21T22:26:54.955-0500][gc,phases   ] GC(12)   Other: 6.6ms
[2021-10-21T22:26:54.955-0500][gc,heap     ] GC(12) Eden regions: 44->0(45)
[2021-10-21T22:26:54.955-0500][gc,heap     ] GC(12) Survivor regions: 7->6(7)
[2021-10-21T22:26:54.955-0500][gc,heap     ] GC(12) Old regions: 22->28
[2021-10-21T22:26:54.955-0500][gc,heap     ] GC(12) Archive regions: 2->2
[2021-10-21T22:26:54.955-0500][gc,heap     ] GC(12) Humongous regions: 129->129
[2021-10-21T22:26:54.956-0500][gc,metaspace] GC(12) Metaspace: 41177K(41792K)->41177K(41792K) NonClass: 36353K(36672K)->36353K(36672K) Class: 4824K(5120K)->4824K(5120K)
[2021-10-21T22:26:54.956-0500][gc          ] GC(12) Pause Young (Normal) (G1 Evacuation Pause) 202M->163M(1024M) 86.651ms
[2021-10-21T22:26:54.956-0500][gc,cpu      ] GC(12) User=0.06s Sys=0.10s Real=0.09s
[2021-10-21T22:36:01.813-0500][gc,start    ] GC(13) Pause Young (Normal) (G1 Evacuation Pause)
[2021-10-21T22:36:01.814-0500][gc,task     ] GC(13) Using 4 workers of 4 for evacuation
[2021-10-21T22:36:01.856-0500][gc,mmu      ] GC(13) MMU target violated: 21.0ms (20.0ms/21.0ms)
[2021-10-21T22:36:01.856-0500][gc,phases   ] GC(13)   Pre Evacuate Collection Set: 3.7ms
[2021-10-21T22:36:01.856-0500][gc,phases   ] GC(13)   Merge Heap Roots: 0.3ms
[2021-10-21T22:36:01.856-0500][gc,phases   ] GC(13)   Evacuate Collection Set: 34.3ms
[2021-10-21T22:36:01.856-0500][gc,phases   ] GC(13)   Post Evacuate Collection Set: 1.2ms
[2021-10-21T22:36:01.856-0500][gc,phases   ] GC(13)   Other: 3.7ms
[2021-10-21T22:36:01.856-0500][gc,heap     ] GC(13) Eden regions: 45->0(47)
[2021-10-21T22:36:01.856-0500][gc,heap     ] GC(13) Survivor regions: 6->4(7)
[2021-10-21T22:36:01.856-0500][gc,heap     ] GC(13) Old regions: 28->32
[2021-10-21T22:36:01.856-0500][gc,heap     ] GC(13) Archive regions: 2->2
[2021-10-21T22:36:01.856-0500][gc,heap     ] GC(13) Humongous regions: 129->129
[2021-10-21T22:36:01.856-0500][gc,metaspace] GC(13) Metaspace: 41217K(41856K)->41217K(41856K) NonClass: 36389K(36736K)->36389K(36736K) Class: 4827K(5120K)->4827K(5120K)
[2021-10-21T22:36:01.858-0500][gc          ] GC(13) Pause Young (Normal) (G1 Evacuation Pause) 208M->164M(1024M) 44.532ms
[2021-10-21T22:36:01.858-0500][gc,cpu      ] GC(13) User=0.03s Sys=0.07s Real=0.04s
[2021-10-21T22:46:15.527-0500][gc,start    ] GC(14) Pause Young (Normal) (G1 Evacuation Pause)
[2021-10-21T22:46:15.528-0500][gc,task     ] GC(14) Using 4 workers of 4 for evacuation
[2021-10-21T22:46:15.564-0500][gc,mmu      ] GC(14) MMU target violated: 21.0ms (20.0ms/21.0ms)
[2021-10-21T22:46:15.564-0500][gc,phases   ] GC(14)   Pre Evacuate Collection Set: 1.6ms
[2021-10-21T22:46:15.564-0500][gc,phases   ] GC(14)   Merge Heap Roots: 0.4ms
[2021-10-21T22:46:15.564-0500][gc,phases   ] GC(14)   Evacuate Collection Set: 28.0ms
[2021-10-21T22:46:15.564-0500][gc,phases   ] GC(14)   Post Evacuate Collection Set: 3.2ms
[2021-10-21T22:46:15.564-0500][gc,phases   ] GC(14)   Other: 3.6ms
[2021-10-21T22:46:15.564-0500][gc,heap     ] GC(14) Eden regions: 47->0(47)
[2021-10-21T22:46:15.564-0500][gc,heap     ] GC(14) Survivor regions: 4->4(7)
[2021-10-21T22:46:15.564-0500][gc,heap     ] GC(14) Old regions: 32->32
[2021-10-21T22:46:15.564-0500][gc,heap     ] GC(14) Archive regions: 2->2
[2021-10-21T22:46:15.564-0500][gc,heap     ] GC(14) Humongous regions: 129->129
[2021-10-21T22:46:15.564-0500][gc,metaspace] GC(14) Metaspace: 41229K(41856K)->41229K(41856K) NonClass: 36401K(36736K)->36401K(36736K) Class: 4827K(5120K)->4827K(5120K)
[2021-10-21T22:46:15.564-0500][gc          ] GC(14) Pause Young (Normal) (G1 Evacuation Pause) 211M->165M(1024M) 36.934ms
[2021-10-21T22:46:15.564-0500][gc,cpu      ] GC(14) User=0.02s Sys=0.03s Real=0.04s
[2021-10-21T22:56:31.407-0500][gc,start    ] GC(15) Pause Young (Normal) (G1 Evacuation Pause)
[2021-10-21T22:56:31.408-0500][gc,task     ] GC(15) Using 4 workers of 4 for evacuation
[2021-10-21T22:56:31.489-0500][gc,mmu      ] GC(15) MMU target violated: 21.0ms (20.0ms/21.0ms)
[2021-10-21T22:56:31.490-0500][gc,phases   ] GC(15)   Pre Evacuate Collection Set: 3.6ms
[2021-10-21T22:56:31.490-0500][gc,phases   ] GC(15)   Merge Heap Roots: 1.7ms
[2021-10-21T22:56:31.490-0500][gc,phases   ] GC(15)   Evacuate Collection Set: 73.9ms
[2021-10-21T22:56:31.490-0500][gc,phases   ] GC(15)   Post Evacuate Collection Set: 1.8ms
[2021-10-21T22:56:31.490-0500][gc,phases   ] GC(15)   Other: 1.6ms
[2021-10-21T22:56:31.490-0500][gc,heap     ] GC(15) Eden regions: 47->0(46)
[2021-10-21T22:56:31.490-0500][gc,heap     ] GC(15) Survivor regions: 4->5(7)
[2021-10-21T22:56:31.490-0500][gc,heap     ] GC(15) Old regions: 32->32
[2021-10-21T22:56:31.490-0500][gc,heap     ] GC(15) Archive regions: 2->2
[2021-10-21T22:56:31.490-0500][gc,heap     ] GC(15) Humongous regions: 129->129
[2021-10-21T22:56:31.490-0500][gc,metaspace] GC(15) Metaspace: 41248K(41856K)->41248K(41856K) NonClass: 36419K(36736K)->36419K(36736K) Class: 4828K(5120K)->4828K(5120K)
[2021-10-21T22:56:31.491-0500][gc          ] GC(15) Pause Young (Normal) (G1 Evacuation Pause) 212M->166M(1024M) 84.437ms
[2021-10-21T22:56:31.492-0500][gc,cpu      ] GC(15) User=0.03s Sys=0.07s Real=0.09s
[2021-10-21T23:06:35.895-0500][gc,start    ] GC(16) Pause Young (Normal) (G1 Evacuation Pause)
[2021-10-21T23:06:35.899-0500][gc,task     ] GC(16) Using 4 workers of 4 for evacuation
[2021-10-21T23:06:36.024-0500][gc,mmu      ] GC(16) MMU target violated: 21.0ms (20.0ms/21.0ms)
[2021-10-21T23:06:36.024-0500][gc,phases   ] GC(16)   Pre Evacuate Collection Set: 11.1ms
[2021-10-21T23:06:36.024-0500][gc,phases   ] GC(16)   Merge Heap Roots: 2.4ms
[2021-10-21T23:06:36.024-0500][gc,phases   ] GC(16)   Evacuate Collection Set: 101.6ms
[2021-10-21T23:06:36.024-0500][gc,phases   ] GC(16)   Post Evacuate Collection Set: 7.3ms
[2021-10-21T23:06:36.024-0500][gc,phases   ] GC(16)   Other: 9.0ms
[2021-10-21T23:06:36.024-0500][gc,heap     ] GC(16) Eden regions: 46->0(48)
[2021-10-21T23:06:36.024-0500][gc,heap     ] GC(16) Survivor regions: 5->3(7)
[2021-10-21T23:06:36.024-0500][gc,heap     ] GC(16) Old regions: 32->33
[2021-10-21T23:06:36.024-0500][gc,heap     ] GC(16) Archive regions: 2->2
[2021-10-21T23:06:36.024-0500][gc,heap     ] GC(16) Humongous regions: 129->129
[2021-10-21T23:06:36.024-0500][gc,metaspace] GC(16) Metaspace: 41262K(41856K)->41262K(41856K) NonClass: 36434K(36736K)->36434K(36736K) Class: 4828K(5120K)->4828K(5120K)
[2021-10-21T23:06:36.024-0500][gc          ] GC(16) Pause Young (Normal) (G1 Evacuation Pause) 212M->165M(1024M) 129.182ms
[2021-10-21T23:06:36.024-0500][gc,cpu      ] GC(16) User=0.03s Sys=0.08s Real=0.13s
[2021-10-21T23:17:08.753-0500][gc,start    ] GC(17) Pause Young (Normal) (G1 Evacuation Pause)
[2021-10-21T23:17:08.755-0500][gc,task     ] GC(17) Using 4 workers of 4 for evacuation
[2021-10-21T23:17:08.801-0500][gc,mmu      ] GC(17) MMU target violated: 21.0ms (20.0ms/21.0ms)
[2021-10-21T23:17:08.801-0500][gc,phases   ] GC(17)   Pre Evacuate Collection Set: 4.5ms
[2021-10-21T23:17:08.801-0500][gc,phases   ] GC(17)   Merge Heap Roots: 0.4ms
[2021-10-21T23:17:08.801-0500][gc,phases   ] GC(17)   Evacuate Collection Set: 39.2ms
[2021-10-21T23:17:08.801-0500][gc,phases   ] GC(17)   Post Evacuate Collection Set: 1.4ms
[2021-10-21T23:17:08.801-0500][gc,phases   ] GC(17)   Other: 2.2ms
[2021-10-21T23:17:08.801-0500][gc,heap     ] GC(17) Eden regions: 48->0(47)
[2021-10-21T23:17:08.801-0500][gc,heap     ] GC(17) Survivor regions: 3->4(7)
[2021-10-21T23:17:08.801-0500][gc,heap     ] GC(17) Old regions: 33->33
[2021-10-21T23:17:08.801-0500][gc,heap     ] GC(17) Archive regions: 2->2
[2021-10-21T23:17:08.801-0500][gc,heap     ] GC(17) Humongous regions: 129->129
[2021-10-21T23:17:08.801-0500][gc,metaspace] GC(17) Metaspace: 41265K(41856K)->41265K(41856K) NonClass: 36436K(36736K)->36436K(36736K) Class: 4828K(5120K)->4828K(5120K)
[2021-10-21T23:17:08.803-0500][gc          ] GC(17) Pause Young (Normal) (G1 Evacuation Pause) 213M->165M(1024M) 49.797ms
[2021-10-21T23:17:08.803-0500][gc,cpu      ] GC(17) User=0.03s Sys=0.06s Real=0.05s
[2021-10-21T23:27:26.938-0500][gc,start    ] GC(18) Pause Young (Normal) (G1 Evacuation Pause)
[2021-10-21T23:27:26.939-0500][gc,task     ] GC(18) Using 4 workers of 4 for evacuation
[2021-10-21T23:27:26.991-0500][gc,mmu      ] GC(18) MMU target violated: 21.0ms (20.0ms/21.0ms)
[2021-10-21T23:27:26.991-0500][gc,phases   ] GC(18)   Pre Evacuate Collection Set: 5.4ms
[2021-10-21T23:27:26.991-0500][gc,phases   ] GC(18)   Merge Heap Roots: 1.9ms
[2021-10-21T23:27:26.991-0500][gc,phases   ] GC(18)   Evacuate Collection Set: 40.9ms
[2021-10-21T23:27:26.991-0500][gc,phases   ] GC(18)   Post Evacuate Collection Set: 3.3ms
[2021-10-21T23:27:26.991-0500][gc,phases   ] GC(18)   Other: 1.4ms
[2021-10-21T23:27:26.991-0500][gc,heap     ] GC(18) Eden regions: 47->0(48)
[2021-10-21T23:27:26.991-0500][gc,heap     ] GC(18) Survivor regions: 4->3(7)
[2021-10-21T23:27:26.991-0500][gc,heap     ] GC(18) Old regions: 33->33
[2021-10-21T23:27:26.991-0500][gc,heap     ] GC(18) Archive regions: 2->2
[2021-10-21T23:27:26.991-0500][gc,heap     ] GC(18) Humongous regions: 129->129
[2021-10-21T23:27:26.991-0500][gc,metaspace] GC(18) Metaspace: 41267K(41856K)->41267K(41856K) NonClass: 36438K(36736K)->36438K(36736K) Class: 4828K(5120K)->4828K(5120K)
[2021-10-21T23:27:26.991-0500][gc          ] GC(18) Pause Young (Normal) (G1 Evacuation Pause) 212M->165M(1024M) 52.730ms
[2021-10-21T23:27:26.991-0500][gc,cpu      ] GC(18) User=0.02s Sys=0.07s Real=0.06s
[2021-10-21T23:37:21.908-0500][gc,start    ] GC(19) Pause Young (Normal) (G1 Evacuation Pause)
[2021-10-21T23:37:21.910-0500][gc,task     ] GC(19) Using 4 workers of 4 for evacuation
[2021-10-21T23:37:21.978-0500][gc,mmu      ] GC(19) MMU target violated: 21.0ms (20.0ms/21.0ms)
[2021-10-21T23:37:21.978-0500][gc,phases   ] GC(19)   Pre Evacuate Collection Set: 4.8ms
[2021-10-21T23:37:21.978-0500][gc,phases   ] GC(19)   Merge Heap Roots: 1.8ms
[2021-10-21T23:37:21.978-0500][gc,phases   ] GC(19)   Evacuate Collection Set: 57.8ms
[2021-10-21T23:37:21.978-0500][gc,phases   ] GC(19)   Post Evacuate Collection Set: 3.3ms
[2021-10-21T23:37:21.978-0500][gc,phases   ] GC(19)   Other: 3.8ms
[2021-10-21T23:37:21.978-0500][gc,heap     ] GC(19) Eden regions: 48->0(48)
[2021-10-21T23:37:21.978-0500][gc,heap     ] GC(19) Survivor regions: 3->3(7)
[2021-10-21T23:37:21.978-0500][gc,heap     ] GC(19) Old regions: 33->33
[2021-10-21T23:37:21.978-0500][gc,heap     ] GC(19) Archive regions: 2->2
[2021-10-21T23:37:21.979-0500][gc,heap     ] GC(19) Humongous regions: 129->129
[2021-10-21T23:37:21.979-0500][gc,metaspace] GC(19) Metaspace: 41293K(41856K)->41293K(41856K) NonClass: 36465K(36736K)->36465K(36736K) Class: 4828K(5120K)->4828K(5120K)
[2021-10-21T23:37:21.980-0500][gc          ] GC(19) Pause Young (Normal) (G1 Evacuation Pause) 213M->165M(1024M) 71.705ms
[2021-10-21T23:37:21.980-0500][gc,cpu      ] GC(19) User=0.02s Sys=0.08s Real=0.08s
[2021-10-21T23:47:56.291-0500][gc,start    ] GC(20) Pause Young (Normal) (G1 Evacuation Pause)
[2021-10-21T23:47:56.293-0500][gc,task     ] GC(20) Using 4 workers of 4 for evacuation
[2021-10-21T23:47:56.355-0500][gc,mmu      ] GC(20) MMU target violated: 21.0ms (20.0ms/21.0ms)
[2021-10-21T23:47:56.355-0500][gc,phases   ] GC(20)   Pre Evacuate Collection Set: 1.3ms
[2021-10-21T23:47:56.355-0500][gc,phases   ] GC(20)   Merge Heap Roots: 0.1ms
[2021-10-21T23:47:56.355-0500][gc,phases   ] GC(20)   Evacuate Collection Set: 57.8ms
[2021-10-21T23:47:56.355-0500][gc,phases   ] GC(20)   Post Evacuate Collection Set: 2.9ms
[2021-10-21T23:47:56.355-0500][gc,phases   ] GC(20)   Other: 1.8ms
[2021-10-21T23:47:56.355-0500][gc,heap     ] GC(20) Eden regions: 48->0(48)
[2021-10-21T23:47:56.355-0500][gc,heap     ] GC(20) Survivor regions: 3->3(7)
[2021-10-21T23:47:56.355-0500][gc,heap     ] GC(20) Old regions: 33->33
[2021-10-21T23:47:56.355-0500][gc,heap     ] GC(20) Archive regions: 2->2
[2021-10-21T23:47:56.355-0500][gc,heap     ] GC(20) Humongous regions: 129->129
[2021-10-21T23:47:56.355-0500][gc,metaspace] GC(20) Metaspace: 41297K(41920K)->41297K(41920K) NonClass: 36468K(36800K)->36468K(36800K) Class: 4828K(5120K)->4828K(5120K)
[2021-10-21T23:47:56.355-0500][gc          ] GC(20) Pause Young (Normal) (G1 Evacuation Pause) 213M->164M(1024M) 64.003ms
[2021-10-21T23:47:56.355-0500][gc,cpu      ] GC(20) User=0.02s Sys=0.06s Real=0.06s
[2021-10-21T23:58:29.134-0500][gc,start    ] GC(21) Pause Young (Normal) (G1 Evacuation Pause)
[2021-10-21T23:58:29.135-0500][gc,task     ] GC(21) Using 4 workers of 4 for evacuation
[2021-10-21T23:58:29.234-0500][gc,mmu      ] GC(21) MMU target violated: 21.0ms (20.0ms/21.0ms)
[2021-10-21T23:58:29.234-0500][gc,phases   ] GC(21)   Pre Evacuate Collection Set: 13.3ms
[2021-10-21T23:58:29.234-0500][gc,phases   ] GC(21)   Merge Heap Roots: 0.3ms
[2021-10-21T23:58:29.234-0500][gc,phases   ] GC(21)   Evacuate Collection Set: 82.1ms
[2021-10-21T23:58:29.234-0500][gc,phases   ] GC(21)   Post Evacuate Collection Set: 2.2ms
[2021-10-21T23:58:29.234-0500][gc,phases   ] GC(21)   Other: 2.1ms
[2021-10-21T23:58:29.234-0500][gc,heap     ] GC(21) Eden regions: 48->0(48)
[2021-10-21T23:58:29.234-0500][gc,heap     ] GC(21) Survivor regions: 3->3(7)
[2021-10-21T23:58:29.234-0500][gc,heap     ] GC(21) Old regions: 33->33
[2021-10-21T23:58:29.234-0500][gc,heap     ] GC(21) Archive regions: 2->2
[2021-10-21T23:58:29.234-0500][gc,heap     ] GC(21) Humongous regions: 129->129
[2021-10-21T23:58:29.234-0500][gc,metaspace] GC(21) Metaspace: 41297K(41920K)->41297K(41920K) NonClass: 36468K(36800K)->36468K(36800K) Class: 4828K(5120K)->4828K(5120K)
[2021-10-21T23:58:29.234-0500][gc          ] GC(21) Pause Young (Normal) (G1 Evacuation Pause) 212M->165M(1024M) 100.227ms
[2021-10-21T23:58:29.234-0500][gc,cpu      ] GC(21) User=0.03s Sys=0.09s Real=0.10s
[2021-10-22T00:18:02.825-0500][gc,start    ] GC(22) Pause Young (Normal) (G1 Evacuation Pause)
[2021-10-22T00:18:02.825-0500][gc,task     ] GC(22) Using 4 workers of 4 for evacuation
[2021-10-22T00:18:04.924-0500][gc,mmu      ] GC(22) MMU target violated: 21.0ms (20.0ms/21.0ms)
[2021-10-22T00:18:04.925-0500][gc,phases   ] GC(22)   Pre Evacuate Collection Set: 11.3ms
[2021-10-22T00:18:04.925-0500][gc,phases   ] GC(22)   Merge Heap Roots: 1.0ms
[2021-10-22T00:18:04.925-0500][gc,phases   ] GC(22)   Evacuate Collection Set: 2069.8ms
[2021-10-22T00:18:04.925-0500][gc,phases   ] GC(22)   Post Evacuate Collection Set: 16.3ms
[2021-10-22T00:18:04.925-0500][gc,phases   ] GC(22)   Other: 1.4ms
[2021-10-22T00:18:04.925-0500][gc,heap     ] GC(22) Eden regions: 48->0(48)
[2021-10-22T00:18:04.925-0500][gc,heap     ] GC(22) Survivor regions: 3->3(7)
[2021-10-22T00:18:04.925-0500][gc,heap     ] GC(22) Old regions: 33->33
[2021-10-22T00:18:04.925-0500][gc,heap     ] GC(22) Archive regions: 2->2
[2021-10-22T00:18:04.925-0500][gc,heap     ] GC(22) Humongous regions: 129->129
[2021-10-22T00:18:04.925-0500][gc,metaspace] GC(22) Metaspace: 41326K(41984K)->41326K(41984K) NonClass: 36492K(36864K)->36492K(36864K) Class: 4833K(5120K)->4833K(5120K)
[2021-10-22T00:18:04.925-0500][gc          ] GC(22) Pause Young (Normal) (G1 Evacuation Pause) 213M->165M(1024M) 2099.854ms
[2021-10-22T00:18:04.925-0500][gc,cpu      ] GC(22) User=0.11s Sys=0.17s Real=2.10s
[2021-10-22T00:37:00.172-0500][gc,start    ] GC(23) Pause Young (Normal) (G1 Evacuation Pause)
[2021-10-22T00:37:00.177-0500][gc,task     ] GC(23) Using 4 workers of 4 for evacuation
[2021-10-22T00:37:00.351-0500][gc,mmu      ] GC(23) MMU target violated: 21.0ms (20.0ms/21.0ms)
[2021-10-22T00:37:00.351-0500][gc,phases   ] GC(23)   Pre Evacuate Collection Set: 26.0ms
[2021-10-22T00:37:00.351-0500][gc,phases   ] GC(23)   Merge Heap Roots: 0.3ms
[2021-10-22T00:37:00.351-0500][gc,phases   ] GC(23)   Evacuate Collection Set: 137.4ms
[2021-10-22T00:37:00.351-0500][gc,phases   ] GC(23)   Post Evacuate Collection Set: 7.6ms
[2021-10-22T00:37:00.351-0500][gc,phases   ] GC(23)   Other: 9.0ms
[2021-10-22T00:37:00.351-0500][gc,heap     ] GC(23) Eden regions: 48->0(48)
[2021-10-22T00:37:00.351-0500][gc,heap     ] GC(23) Survivor regions: 3->3(7)
[2021-10-22T00:37:00.351-0500][gc,heap     ] GC(23) Old regions: 33->33
[2021-10-22T00:37:00.351-0500][gc,heap     ] GC(23) Archive regions: 2->2
[2021-10-22T00:37:00.352-0500][gc,heap     ] GC(23) Humongous regions: 129->129
[2021-10-22T00:37:00.352-0500][gc,metaspace] GC(23) Metaspace: 41345K(41984K)->41345K(41984K) NonClass: 36512K(36864K)->36512K(36864K) Class: 4833K(5120K)->4833K(5120K)
[2021-10-22T00:37:00.354-0500][gc          ] GC(23) Pause Young (Normal) (G1 Evacuation Pause) 213M->164M(1024M) 181.424ms
[2021-10-22T00:37:00.354-0500][gc,cpu      ] GC(23) User=0.02s Sys=0.11s Real=0.18s
[2021-10-22T01:11:07.470-0500][gc,start    ] GC(24) Pause Young (Normal) (G1 Evacuation Pause)
[2021-10-22T01:11:07.470-0500][gc,task     ] GC(24) Using 4 workers of 4 for evacuation
[2021-10-22T01:11:08.052-0500][gc,mmu      ] GC(24) MMU target violated: 21.0ms (20.0ms/21.0ms)
[2021-10-22T01:11:08.052-0500][gc,phases   ] GC(24)   Pre Evacuate Collection Set: 16.0ms
[2021-10-22T01:11:08.052-0500][gc,phases   ] GC(24)   Merge Heap Roots: 3.9ms
[2021-10-22T01:11:08.052-0500][gc,phases   ] GC(24)   Evacuate Collection Set: 544.0ms
[2021-10-22T01:11:08.052-0500][gc,phases   ] GC(24)   Post Evacuate Collection Set: 14.8ms
[2021-10-22T01:11:08.053-0500][gc,phases   ] GC(24)   Other: 3.9ms
[2021-10-22T01:11:08.053-0500][gc,heap     ] GC(24) Eden regions: 48->0(48)
[2021-10-22T01:11:08.053-0500][gc,heap     ] GC(24) Survivor regions: 3->3(7)
[2021-10-22T01:11:08.053-0500][gc,heap     ] GC(24) Old regions: 33->33
[2021-10-22T01:11:08.053-0500][gc,heap     ] GC(24) Archive regions: 2->2
[2021-10-22T01:11:08.053-0500][gc,heap     ] GC(24) Humongous regions: 129->129
[2021-10-22T01:11:08.053-0500][gc,metaspace] GC(24) Metaspace: 41367K(41984K)->41367K(41984K) NonClass: 36533K(36864K)->36533K(36864K) Class: 4833K(5120K)->4833K(5120K)
[2021-10-22T01:11:08.053-0500][gc          ] GC(24) Pause Young (Normal) (G1 Evacuation Pause) 212M->165M(1024M) 584.003ms
[2021-10-22T01:11:08.053-0500][gc,cpu      ] GC(24) User=0.08s Sys=0.26s Real=0.59s
[2021-10-22T01:38:39.096-0500][gc,start    ] GC(25) Pause Young (Normal) (G1 Evacuation Pause)
[2021-10-22T01:38:39.101-0500][gc,task     ] GC(25) Using 4 workers of 4 for evacuation
[2021-10-22T01:38:39.270-0500][gc,mmu      ] GC(25) MMU target violated: 21.0ms (20.0ms/21.0ms)
[2021-10-22T01:38:39.270-0500][gc,phases   ] GC(25)   Pre Evacuate Collection Set: 29.0ms
[2021-10-22T01:38:39.271-0500][gc,phases   ] GC(25)   Merge Heap Roots: 1.1ms
[2021-10-22T01:38:39.271-0500][gc,phases   ] GC(25)   Evacuate Collection Set: 130.1ms
[2021-10-22T01:38:39.271-0500][gc,phases   ] GC(25)   Post Evacuate Collection Set: 4.9ms
[2021-10-22T01:38:39.271-0500][gc,phases   ] GC(25)   Other: 12.9ms
[2021-10-22T01:38:39.271-0500][gc,heap     ] GC(25) Eden regions: 48->0(48)
[2021-10-22T01:38:39.271-0500][gc,heap     ] GC(25) Survivor regions: 3->3(7)
[2021-10-22T01:38:39.271-0500][gc,heap     ] GC(25) Old regions: 33->33
[2021-10-22T01:38:39.271-0500][gc,heap     ] GC(25) Archive regions: 2->2
[2021-10-22T01:38:39.271-0500][gc,heap     ] GC(25) Humongous regions: 129->129
[2021-10-22T01:38:39.272-0500][gc,metaspace] GC(25) Metaspace: 41385K(41984K)->41385K(41984K) NonClass: 36547K(36864K)->36547K(36864K) Class: 4837K(5120K)->4837K(5120K)
[2021-10-22T01:38:39.273-0500][gc          ] GC(25) Pause Young (Normal) (G1 Evacuation Pause) 213M->165M(1024M) 177.894ms
[2021-10-22T01:38:39.273-0500][gc,cpu      ] GC(25) User=0.03s Sys=0.11s Real=0.18s
[2021-10-22T01:48:55.092-0500][gc,start    ] GC(26) Pause Young (Normal) (G1 Evacuation Pause)
[2021-10-22T01:48:55.093-0500][gc,task     ] GC(26) Using 4 workers of 4 for evacuation
[2021-10-22T01:48:55.146-0500][gc,mmu      ] GC(26) MMU target violated: 21.0ms (20.0ms/21.0ms)
[2021-10-22T01:48:55.146-0500][gc,phases   ] GC(26)   Pre Evacuate Collection Set: 2.1ms
[2021-10-22T01:48:55.146-0500][gc,phases   ] GC(26)   Merge Heap Roots: 0.8ms
[2021-10-22T01:48:55.146-0500][gc,phases   ] GC(26)   Evacuate Collection Set: 46.1ms
[2021-10-22T01:48:55.146-0500][gc,phases   ] GC(26)   Post Evacuate Collection Set: 3.0ms
[2021-10-22T01:48:55.146-0500][gc,phases   ] GC(26)   Other: 1.6ms
[2021-10-22T01:48:55.146-0500][gc,heap     ] GC(26) Eden regions: 48->0(47)
[2021-10-22T01:48:55.146-0500][gc,heap     ] GC(26) Survivor regions: 3->4(7)
[2021-10-22T01:48:55.146-0500][gc,heap     ] GC(26) Old regions: 33->33
[2021-10-22T01:48:55.146-0500][gc,heap     ] GC(26) Archive regions: 2->2
[2021-10-22T01:48:55.146-0500][gc,heap     ] GC(26) Humongous regions: 129->129
[2021-10-22T01:48:55.146-0500][gc,metaspace] GC(26) Metaspace: 41386K(41984K)->41386K(41984K) NonClass: 36549K(36864K)->36549K(36864K) Class: 4837K(5120K)->4837K(5120K)
[2021-10-22T01:48:55.146-0500][gc          ] GC(26) Pause Young (Normal) (G1 Evacuation Pause) 213M->166M(1024M) 53.605ms
[2021-10-22T01:48:55.146-0500][gc,cpu      ] GC(26) User=0.02s Sys=0.06s Real=0.05s
[2021-10-22T01:58:57.877-0500][gc,start    ] GC(27) Pause Young (Normal) (G1 Evacuation Pause)
[2021-10-22T01:58:57.878-0500][gc,task     ] GC(27) Using 4 workers of 4 for evacuation
[2021-10-22T01:58:57.896-0500][gc,phases   ] GC(27)   Pre Evacuate Collection Set: 3.7ms
[2021-10-22T01:58:57.896-0500][gc,phases   ] GC(27)   Merge Heap Roots: 0.2ms
[2021-10-22T01:58:57.896-0500][gc,phases   ] GC(27)   Evacuate Collection Set: 12.0ms
[2021-10-22T01:58:57.896-0500][gc,phases   ] GC(27)   Post Evacuate Collection Set: 1.3ms
[2021-10-22T01:58:57.896-0500][gc,phases   ] GC(27)   Other: 1.9ms
[2021-10-22T01:58:57.896-0500][gc,heap     ] GC(27) Eden regions: 47->0(48)
[2021-10-22T01:58:57.896-0500][gc,heap     ] GC(27) Survivor regions: 4->3(7)
[2021-10-22T01:58:57.896-0500][gc,heap     ] GC(27) Old regions: 33->33
[2021-10-22T01:58:57.896-0500][gc,heap     ] GC(27) Archive regions: 2->2
[2021-10-22T01:58:57.896-0500][gc,heap     ] GC(27) Humongous regions: 129->129
[2021-10-22T01:58:57.896-0500][gc,metaspace] GC(27) Metaspace: 41397K(41984K)->41397K(41984K) NonClass: 36560K(36864K)->36560K(36864K) Class: 4837K(5120K)->4837K(5120K)
[2021-10-22T01:58:57.896-0500][gc          ] GC(27) Pause Young (Normal) (G1 Evacuation Pause) 213M->165M(1024M) 19.227ms
[2021-10-22T01:58:57.896-0500][gc,cpu      ] GC(27) User=0.01s Sys=0.03s Real=0.02s
[2021-10-22T02:09:13.720-0500][gc,start    ] GC(28) Pause Young (Normal) (G1 Evacuation Pause)
[2021-10-22T02:09:13.721-0500][gc,task     ] GC(28) Using 4 workers of 4 for evacuation
[2021-10-22T02:09:13.740-0500][gc,phases   ] GC(28)   Pre Evacuate Collection Set: 0.4ms
[2021-10-22T02:09:13.740-0500][gc,phases   ] GC(28)   Merge Heap Roots: 1.9ms
[2021-10-22T02:09:13.740-0500][gc,phases   ] GC(28)   Evacuate Collection Set: 15.8ms
[2021-10-22T02:09:13.740-0500][gc,phases   ] GC(28)   Post Evacuate Collection Set: 0.4ms
[2021-10-22T02:09:13.740-0500][gc,phases   ] GC(28)   Other: 1.4ms
[2021-10-22T02:09:13.740-0500][gc,heap     ] GC(28) Eden regions: 48->0(47)
[2021-10-22T02:09:13.740-0500][gc,heap     ] GC(28) Survivor regions: 3->4(7)
[2021-10-22T02:09:13.740-0500][gc,heap     ] GC(28) Old regions: 33->33
[2021-10-22T02:09:13.740-0500][gc,heap     ] GC(28) Archive regions: 2->2
[2021-10-22T02:09:13.740-0500][gc,heap     ] GC(28) Humongous regions: 129->129
[2021-10-22T02:09:13.740-0500][gc,metaspace] GC(28) Metaspace: 41397K(41984K)->41397K(41984K) NonClass: 36560K(36864K)->36560K(36864K) Class: 4837K(5120K)->4837K(5120K)
[2021-10-22T02:09:13.740-0500][gc          ] GC(28) Pause Young (Normal) (G1 Evacuation Pause) 213M->165M(1024M) 20.090ms
[2021-10-22T02:09:13.740-0500][gc,cpu      ] GC(28) User=0.02s Sys=0.02s Real=0.02s
[2021-10-22T02:19:15.160-0500][gc,start    ] GC(29) Pause Young (Normal) (G1 Evacuation Pause)
[2021-10-22T02:19:15.162-0500][gc,task     ] GC(29) Using 4 workers of 4 for evacuation
[2021-10-22T02:19:15.186-0500][gc,mmu      ] GC(29) MMU target violated: 21.0ms (20.0ms/21.0ms)
[2021-10-22T02:19:15.186-0500][gc,phases   ] GC(29)   Pre Evacuate Collection Set: 2.0ms
[2021-10-22T02:19:15.186-0500][gc,phases   ] GC(29)   Merge Heap Roots: 0.3ms
[2021-10-22T02:19:15.186-0500][gc,phases   ] GC(29)   Evacuate Collection Set: 18.9ms
[2021-10-22T02:19:15.186-0500][gc,phases   ] GC(29)   Post Evacuate Collection Set: 2.4ms
[2021-10-22T02:19:15.186-0500][gc,phases   ] GC(29)   Other: 1.8ms
[2021-10-22T02:19:15.186-0500][gc,heap     ] GC(29) Eden regions: 47->0(48)
[2021-10-22T02:19:15.186-0500][gc,heap     ] GC(29) Survivor regions: 4->3(7)
[2021-10-22T02:19:15.186-0500][gc,heap     ] GC(29) Old regions: 33->33
[2021-10-22T02:19:15.186-0500][gc,heap     ] GC(29) Archive regions: 2->2
[2021-10-22T02:19:15.186-0500][gc,heap     ] GC(29) Humongous regions: 129->129
[2021-10-22T02:19:15.186-0500][gc,metaspace] GC(29) Metaspace: 41398K(41984K)->41398K(41984K) NonClass: 36561K(36864K)->36561K(36864K) Class: 4837K(5120K)->4837K(5120K)
[2021-10-22T02:19:15.188-0500][gc          ] GC(29) Pause Young (Normal) (G1 Evacuation Pause) 212M->165M(1024M) 27.532ms
[2021-10-22T02:19:15.188-0500][gc,cpu      ] GC(29) User=0.02s Sys=0.03s Real=0.02s
[2021-10-22T02:30:52.814-0500][gc,start    ] GC(30) Pause Young (Normal) (G1 Evacuation Pause)
[2021-10-22T02:30:52.815-0500][gc,task     ] GC(30) Using 4 workers of 4 for evacuation
[2021-10-22T02:30:52.836-0500][gc,mmu      ] GC(30) MMU target violated: 20.6ms (20.0ms/21.0ms)
[2021-10-22T02:30:52.836-0500][gc,phases   ] GC(30)   Pre Evacuate Collection Set: 3.2ms
[2021-10-22T02:30:52.836-0500][gc,phases   ] GC(30)   Merge Heap Roots: 0.3ms
[2021-10-22T02:30:52.836-0500][gc,phases   ] GC(30)   Evacuate Collection Set: 15.7ms
[2021-10-22T02:30:52.836-0500][gc,phases   ] GC(30)   Post Evacuate Collection Set: 1.5ms
[2021-10-22T02:30:52.836-0500][gc,phases   ] GC(30)   Other: 1.8ms
[2021-10-22T02:30:52.836-0500][gc,heap     ] GC(30) Eden regions: 48->0(47)
[2021-10-22T02:30:52.836-0500][gc,heap     ] GC(30) Survivor regions: 3->4(7)
[2021-10-22T02:30:52.836-0500][gc,heap     ] GC(30) Old regions: 33->33
[2021-10-22T02:30:52.836-0500][gc,heap     ] GC(30) Archive regions: 2->2
[2021-10-22T02:30:52.836-0500][gc,heap     ] GC(30) Humongous regions: 129->129
[2021-10-22T02:30:52.836-0500][gc,metaspace] GC(30) Metaspace: 41399K(41984K)->41399K(41984K) NonClass: 36562K(36864K)->36562K(36864K) Class: 4837K(5120K)->4837K(5120K)
[2021-10-22T02:30:52.836-0500][gc          ] GC(30) Pause Young (Normal) (G1 Evacuation Pause) 213M->165M(1024M) 22.763ms
[2021-10-22T02:30:52.836-0500][gc,cpu      ] GC(30) User=0.02s Sys=0.03s Real=0.02s
