[2021-10-19T13:33:50.749-0500][gc] Using G1
[2021-10-19T13:33:50.753-0500][gc,init] Version: 16.0.2+7-67 (release)
[2021-10-19T13:33:50.753-0500][gc,init] CPUs: 4 total, 4 available
[2021-10-19T13:33:50.753-0500][gc,init] Memory: 8192M
[2021-10-19T13:33:50.753-0500][gc,init] Large Page Support: Disabled
[2021-10-19T13:33:50.753-0500][gc,init] NUMA Support: Disabled
[2021-10-19T13:33:50.753-0500][gc,init] Compressed Oops: Enabled (Zero based)
[2021-10-19T13:33:50.753-0500][gc,init] Heap Region Size: 1M
[2021-10-19T13:33:50.753-0500][gc,init] Heap Min Capacity: 512M
[2021-10-19T13:33:50.753-0500][gc,init] Heap Initial Capacity: 512M
[2021-10-19T13:33:50.753-0500][gc,init] Heap Max Capacity: 512M
[2021-10-19T13:33:50.753-0500][gc,init] Pre-touch: Disabled
[2021-10-19T13:33:50.753-0500][gc,init] Parallel Workers: 4
[2021-10-19T13:33:50.753-0500][gc,init] Concurrent Workers: 1
[2021-10-19T13:33:50.753-0500][gc,init] Concurrent Refinement Workers: 4
[2021-10-19T13:33:50.753-0500][gc,init] Periodic GC: Disabled
[2021-10-19T13:33:50.754-0500][gc,metaspace] CDS archive(s) mapped at: [0x0000000800000000-0x0000000800bb9000-0x0000000800bb9000), size 12292096, SharedBaseAddress: 0x0000000800000000, ArchiveRelocationMode: 0.
[2021-10-19T13:33:50.754-0500][gc,metaspace] Compressed class space mapped at: 0x0000000800c00000-0x0000000840c00000, reserved size: 1073741824
[2021-10-19T13:33:50.754-0500][gc,metaspace] Narrow klass base: 0x0000000800000000, Narrow klass shift: 3, Narrow klass range: 0x100000000
[2021-10-19T13:33:51.882-0500][gc,heap,exit] Heap
[2021-10-19T13:33:51.882-0500][gc,heap,exit]  garbage-first heap   total 524288K, used 14282K [0x00000007e0000000, 0x0000000800000000)
[2021-10-19T13:33:51.883-0500][gc,heap,exit]   region size 1024K, 14 young (14336K), 0 survivors (0K)
[2021-10-19T13:33:51.883-0500][gc,heap,exit]  Metaspace       used 5543K, committed 5696K, reserved 1056768K
[2021-10-19T13:33:51.883-0500][gc,heap,exit]   class space    used 605K, committed 704K, reserved 1048576K
